 pthreadVC2

 Timestamp is 46b891d0 (Tue Aug 07 23:37:52 2007)

 Preferred load address is 10000000

 Start         Length     Name                   Class
 0001:00000000 000238a5H .text                   CODE
 0001:000238a5 0001000bH .textbss                CODE
 0002:00000000 000020e0H .rdata                  DATA
 0002:000020e0 00000000H .edata                  DATA
 0003:00000000 00000104H .CRT$XCA                DATA
 0003:00000104 00000104H .CRT$XCZ                DATA
 0003:00000208 00000104H .CRT$XIA                DATA
 0003:0000030c 00000109H .CRT$XIC                DATA
 0003:00000418 00000104H .CRT$XIZ                DATA
 0003:0000051c 00000104H .CRT$XPA                DATA
 0003:00000620 00000104H .CRT$XPX                DATA
 0003:00000724 00000104H .CRT$XPZ                DATA
 0003:00000828 00000104H .CRT$XTA                DATA
 0003:0000092c 00000104H .CRT$XTZ                DATA
 0003:00000a30 0000406aH .data                   DATA
 0003:00004aa0 00001cd0H .bss                    DATA
 0004:00000000 00000028H .idata$2                DATA
 0004:00000028 00000014H .idata$3                DATA
 0004:0000003c 00000230H .idata$4                DATA
 0004:0000026c 00000230H .idata$5                DATA
 0004:0000049c 000008c2H .idata$6                DATA
 0005:00000000 00000169H .rsrc$01                DATA
 0005:00000170 000005e0H .rsrc$02                DATA

  Address         Publics by Value              Rva+Base     Lib:Object

 0001:000005b0       _ptw32_InterlockedCompareExchange@12 100015b0 f   pthread.obj
 0001:00000630       _ptw32_InterlockedExchange@8 10001630 f   pthread.obj
 0001:000006a0       _ptw32_mcs_flag_set        100016a0 f   pthread.obj
 0001:00000720       _ptw32_mcs_flag_wait       10001720 f   pthread.obj
 0001:000007f0       _ptw32_mcs_lock_acquire    100017f0 f   pthread.obj
 0001:000008b0       _ptw32_mcs_lock_release    100018b0 f   pthread.obj
 0001:00000990       _ptw32_is_attr             10001990 f   pthread.obj
 0001:000009f0       _ptw32_processInitialize   100019f0 f   pthread.obj
 0001:00000b20       _ptw32_processTerminate    10001b20 f   pthread.obj
 0001:00000cc0       _ptw32_threadStart@4       10001cc0 f   pthread.obj
 0001:00000e20       _ptw32_threadDestroy       10001e20 f   pthread.obj
 0001:00000f10       _ptw32_tkAssocCreate       10001f10 f   pthread.obj
 0001:00001010       _ptw32_tkAssocDestroy      10002010 f   pthread.obj
 0001:00001150       _ptw32_callUserDestroyRoutines 10002150 f   pthread.obj
 0001:00001380       _ptw32_semwait             10002380 f   pthread.obj
 0001:00001480       _ptw32_relmillisecs        10002480 f   pthread.obj
 0001:000015e0       _ptw32_throw               100025e0 f   pthread.obj
 0001:000016d0       _ptw32_pop_cleanup_all     100026d0 f   pthread.obj
 0001:00001720       _ptw32_get_exception_services_code 10002720 f   pthread.obj
 0001:00001750       _ptw32_getprocessors       10002750 f   pthread.obj
 0001:00001820       _pthread_attr_init         10002820 f   pthread.obj
 0001:000018f0       _pthread_attr_destroy      100028f0 f   pthread.obj
 0001:00001970       _pthread_attr_getdetachstate 10002970 f   pthread.obj
 0001:000019f0       _pthread_attr_setdetachstate 100029f0 f   pthread.obj
 0001:00001a70       _pthread_attr_getstackaddr 10002a70 f   pthread.obj
 0001:00001ae0       _pthread_attr_setstackaddr 10002ae0 f   pthread.obj
 0001:00001b40       _pthread_attr_getstacksize 10002b40 f   pthread.obj
 0001:00001bb0       _pthread_attr_setstacksize 10002bb0 f   pthread.obj
 0001:00001c10       _pthread_attr_getscope     10002c10 f   pthread.obj
 0001:00001c50       _pthread_attr_setscope     10002c50 f   pthread.obj
 0001:00001cc0       _pthread_barrier_init      10002cc0 f   pthread.obj
 0001:00001e10       _pthread_barrier_destroy   10002e10 f   pthread.obj
 0001:00001f00       _pthread_barrier_wait      10002f00 f   pthread.obj
 0001:00002040       _pthread_barrierattr_init  10003040 f   pthread.obj
 0001:000020c0       _pthread_barrierattr_destroy 100030c0 f   pthread.obj
 0001:00002140       _pthread_barrierattr_getpshared 10003140 f   pthread.obj
 0001:000021b0       _pthread_barrierattr_setpshared 100031b0 f   pthread.obj
 0001:00002230       _pthread_setcancelstate    10003230 f   pthread.obj
 0001:00002380       _pthread_setcanceltype     10003380 f   pthread.obj
 0001:000024d0       _pthread_testcancel        100034d0 f   pthread.obj
 0001:000025d0       _ptw32_RegisterCancelation 100035d0 f   pthread.obj
 0001:000026b0       _pthread_cancel            100036b0 f   pthread.obj
 0001:00002960       _ptw32_pop_cleanup         10003960 f   pthread.obj
 0001:00002a00       _ptw32_push_cleanup        10003a00 f   pthread.obj
 0001:00002a80       _ptw32_cond_check_need_init 10003a80 f   pthread.obj
 0001:00002b30       _pthread_condattr_init     10003b30 f   pthread.obj
 0001:00002ba0       _pthread_condattr_destroy  10003ba0 f   pthread.obj
 0001:00002c30       _pthread_condattr_getpshared 10003c30 f   pthread.obj
 0001:00002ca0       _pthread_condattr_setpshared 10003ca0 f   pthread.obj
 0001:00002d20       _pthread_cond_init         10003d20 f   pthread.obj
 0001:00002f50       _pthread_cond_destroy      10003f50 f   pthread.obj
 0001:00003250       _pthread_cond_wait         10004250 f   pthread.obj
 0001:000035f0       _pthread_cond_timedwait    100045f0 f   pthread.obj
 0001:00003650       _pthread_cond_signal       10004650 f   pthread.obj
 0001:00003900       _pthread_cond_broadcast    10004900 f   pthread.obj
 0001:00003950       _pthread_create            10004950 f   pthread.obj
 0001:00003bb0       _pthread_exit              10004bb0 f   pthread.obj
 0001:00003c30       _pthread_kill              10004c30 f   pthread.obj
 0001:00003cf0       _pthread_once              10004cf0 f   pthread.obj
 0001:00003e20       _pthread_self              10004e20 f   pthread.obj
 0001:00003fc0       _pthread_equal             10004fc0 f   pthread.obj
 0001:00004020       _pthread_setconcurrency    10005020 f   pthread.obj
 0001:00004070       _pthread_getconcurrency    10005070 f   pthread.obj
 0001:000040a0       _ptw32_new                 100050a0 f   pthread.obj
 0001:00004200       _ptw32_threadReusePop      10005200 f   pthread.obj
 0001:000042e0       _ptw32_threadReusePush     100052e0 f   pthread.obj
 0001:000043e0       _pthreadCancelableWait     100053e0 f   pthread.obj
 0001:000045d0       _pthreadCancelableTimedWait 100055d0 f   pthread.obj
 0001:00004620       _ptw32_mutex_check_need_init 10005620 f   pthread.obj
 0001:00004720       _pthread_mutex_init        10005720 f   pthread.obj
 0001:00004880       _pthread_mutex_destroy     10005880 f   pthread.obj
 0001:00004a00       _pthread_mutexattr_init    10005a00 f   pthread.obj
 0001:00004a90       _pthread_mutexattr_destroy 10005a90 f   pthread.obj
 0001:00004b10       _pthread_mutexattr_getpshared 10005b10 f   pthread.obj
 0001:00004b80       _pthread_mutexattr_setpshared 10005b80 f   pthread.obj
 0001:00004c00       _pthread_mutexattr_settype 10005c00 f   pthread.obj
 0001:00004c90       _pthread_mutexattr_gettype 10005c90 f   pthread.obj
 0001:00004d00       _pthread_mutex_lock        10005d00 f   pthread.obj
 0001:00004f30       _pthread_mutex_timedlock   10005f30 f   pthread.obj
 0001:000051e0       _pthread_mutex_unlock      100061e0 f   pthread.obj
 0001:00005370       _pthread_mutex_trylock     10006370 f   pthread.obj
 0001:00005490       _pthread_mutexattr_setkind_np 10006490 f   pthread.obj
 0001:000054e0       _pthread_mutexattr_getkind_np 100064e0 f   pthread.obj
 0001:00005530       _pthread_getw32threadhandle_np 10006530 f   pthread.obj
 0001:00005560       _pthread_delay_np          10006560 f   pthread.obj
 0001:00005740       _pthread_num_processors_np 10006740 f   pthread.obj
 0001:000057a0       _pthread_win32_process_attach_np 100067a0 f   pthread.obj
 0001:00005a50       _pthread_win32_process_detach_np 10006a50 f   pthread.obj
 0001:00005b90       _pthread_win32_thread_attach_np 10006b90 f   pthread.obj
 0001:00005bc0       _pthread_win32_thread_detach_np 10006bc0 f   pthread.obj
 0001:00005cc0       _pthread_win32_test_features_np 10006cc0 f   pthread.obj
 0001:00005d00       _pthread_timechange_handler_np 10006d00 f   pthread.obj
 0001:00005dc0       _ptw32_rwlock_check_need_init 10006dc0 f   pthread.obj
 0001:00005e70       _ptw32_rwlock_cancelwrwait 10006e70 f   pthread.obj
 0001:00005ef0       _pthread_rwlock_init       10006ef0 f   pthread.obj
 0001:00006080       _pthread_rwlock_destroy    10007080 f   pthread.obj
 0001:00006320       _pthread_rwlockattr_init   10007320 f   pthread.obj
 0001:000063a0       _pthread_rwlockattr_destroy 100073a0 f   pthread.obj
 0001:00006420       _pthread_rwlockattr_getpshared 10007420 f   pthread.obj
 0001:00006490       _pthread_rwlockattr_setpshared 10007490 f   pthread.obj
 0001:00006510       _pthread_rwlock_rdlock     10007510 f   pthread.obj
 0001:000066a0       _pthread_rwlock_timedrdlock 100076a0 f   pthread.obj
 0001:00006860       _pthread_rwlock_wrlock     10007860 f   pthread.obj
 0001:00006a60       _pthread_rwlock_timedwrlock 10007a60 f   pthread.obj
 0001:00006c70       _pthread_rwlock_unlock     10007c70 f   pthread.obj
 0001:00006de0       _pthread_rwlock_tryrdlock  10007de0 f   pthread.obj
 0001:00006f70       _pthread_rwlock_trywrlock  10007f70 f   pthread.obj
 0001:00007160       _pthread_attr_setschedpolicy 10008160 f   pthread.obj
 0001:000071d0       _pthread_attr_getschedpolicy 100081d0 f   pthread.obj
 0001:00007250       _pthread_attr_setschedparam 10008250 f   pthread.obj
 0001:00007300       _pthread_attr_getschedparam 10008300 f   pthread.obj
 0001:00007380       _pthread_attr_setinheritsched 10008380 f   pthread.obj
 0001:00007400       _pthread_attr_getinheritsched 10008400 f   pthread.obj
 0001:00007470       _pthread_setschedparam     10008470 f   pthread.obj
 0001:00007520       _ptw32_setthreadpriority   10008520 f   pthread.obj
 0001:00007640       _pthread_getschedparam     10008640 f   pthread.obj
 0001:000076d0       _sched_get_priority_max    100086d0 f   pthread.obj
 0001:00007730       _sched_get_priority_min    10008730 f   pthread.obj
 0001:00007790       _sched_setscheduler        10008790 f   pthread.obj
 0001:00007870       _sched_getscheduler        10008870 f   pthread.obj
 0001:00007930       _sched_yield               10008930 f   pthread.obj
 0001:00007980       _sem_init                  10008980 f   pthread.obj
 0001:00007ae0       _sem_destroy               10008ae0 f   pthread.obj
 0001:00007c60       _sem_trywait               10008c60 f   pthread.obj
 0001:00007d60       _sem_wait                  10008d60 f   pthread.obj
 0001:00007f60       _sem_timedwait             10008f60 f   pthread.obj
 0001:000081b0       _sem_post                  100091b0 f   pthread.obj
 0001:00008300       _sem_post_multiple         10009300 f   pthread.obj
 0001:00008490       _sem_getvalue              10009490 f   pthread.obj
 0001:00008580       _sem_open                  10009580 f   pthread.obj
 0001:000085d0       _sem_close                 100095d0 f   pthread.obj
 0001:00008620       _sem_unlink                10009620 f   pthread.obj
 0001:00008670       _ptw32_spinlock_check_need_init 10009670 f   pthread.obj
 0001:00008720       _pthread_spin_init         10009720 f   pthread.obj
 0001:00008890       _pthread_spin_destroy      10009890 f   pthread.obj
 0001:000089d0       _pthread_spin_lock         100099d0 f   pthread.obj
 0001:00008ab0       _pthread_spin_unlock       10009ab0 f   pthread.obj
 0001:00008b80       _pthread_spin_trylock      10009b80 f   pthread.obj
 0001:00008c70       _pthread_detach            10009c70 f   pthread.obj
 0001:00008dd0       _pthread_join              10009dd0 f   pthread.obj
 0001:00008f40       _pthread_key_create        10009f40 f   pthread.obj
 0001:00009020       _pthread_key_delete        1000a020 f   pthread.obj
 0001:000091a0       _pthread_setspecific       1000a1a0 f   pthread.obj
 0001:00009390       _pthread_getspecific       1000a390 f   pthread.obj
 0001:00009454       _SetEvent@4                1000a454 f   kernel32:KERNEL32.dll
 0001:0000945a       _CloseHandle@4             1000a45a f   kernel32:KERNEL32.dll
 0001:00009460       _WaitForSingleObject@8     1000a460 f   kernel32:KERNEL32.dll
 0001:00009466       _CreateEventA@16           1000a466 f   kernel32:KERNEL32.dll
 0001:0000946c       _InterlockedExchangeAdd@8  1000a46c f   kernel32:KERNEL32.dll
 0001:00009472       _InterlockedExchange@8     1000a472 f   kernel32:KERNEL32.dll
 0001:00009478       _InitializeCriticalSection@4 1000a478 f   kernel32:KERNEL32.dll
 0001:0000947e       _DeleteCriticalSection@4   1000a47e f   kernel32:KERNEL32.dll
 0001:00009484       _LeaveCriticalSection@4    1000a484 f   kernel32:KERNEL32.dll
 0001:0000948a       _EnterCriticalSection@4    1000a48a f   kernel32:KERNEL32.dll
 0001:00009490       _TlsSetValue@8             1000a490 f   kernel32:KERNEL32.dll
 0001:00009496       _TlsGetValue@4             1000a496 f   kernel32:KERNEL32.dll
 0001:0000949c       _Sleep@4                   1000a49c f   kernel32:KERNEL32.dll
 0001:000094a2       _GetProcessAffinityMask@12 1000a4a2 f   kernel32:KERNEL32.dll
 0001:000094a8       _GetCurrentProcess@0       1000a4a8 f   kernel32:KERNEL32.dll
 0001:000094ae       _InterlockedDecrement@4    1000a4ae f   kernel32:KERNEL32.dll
 0001:000094b4       _ResetEvent@4              1000a4b4 f   kernel32:KERNEL32.dll
 0001:000094ba       _SetThreadContext@8        1000a4ba f   kernel32:KERNEL32.dll
 0001:000094c0       _GetThreadContext@8        1000a4c0 f   kernel32:KERNEL32.dll
 0001:000094c6       _ResumeThread@4            1000a4c6 f   kernel32:KERNEL32.dll
 0001:000094cc       _SuspendThread@4           1000a4cc f   kernel32:KERNEL32.dll
 0001:000094d2       _GetThreadPriority@4       1000a4d2 f   kernel32:KERNEL32.dll
 0001:000094d8       _DuplicateHandle@28        1000a4d8 f   kernel32:KERNEL32.dll
 0001:000094de       _GetCurrentThread@0        1000a4de f   kernel32:KERNEL32.dll
 0001:000094e4       _GetCurrentThreadId@0      1000a4e4 f   kernel32:KERNEL32.dll
 0001:000094ea       _WaitForMultipleObjects@16 1000a4ea f   kernel32:KERNEL32.dll
 0001:000094f0       _FreeLibrary@4             1000a4f0 f   kernel32:KERNEL32.dll
 0001:000094f6       _GetProcAddress@8          1000a4f6 f   kernel32:KERNEL32.dll
 0001:000094fc       _LoadLibraryA@4            1000a4fc f   kernel32:KERNEL32.dll
 0001:00009502       _SetThreadPriority@8       1000a502 f   kernel32:KERNEL32.dll
 0001:00009508       _GetLastError@0            1000a508 f   kernel32:KERNEL32.dll
 0001:0000950e       _OpenProcess@12            1000a50e f   kernel32:KERNEL32.dll
 0001:00009514       _GetCurrentProcessId@0     1000a514 f   kernel32:KERNEL32.dll
 0001:0000951a       _CreateSemaphoreA@16       1000a51a f   kernel32:KERNEL32.dll
 0001:00009520       _ReleaseSemaphore@12       1000a520 f   kernel32:KERNEL32.dll
 0001:00009526       _TlsAlloc@0                1000a526 f   kernel32:KERNEL32.dll
 0001:0000952c       _TlsFree@4                 1000a52c f   kernel32:KERNEL32.dll
 0001:00009532       _SetLastError@4            1000a532 f   kernel32:KERNEL32.dll
 0001:00009538       _WSASetLastError@4         1000a538 f   ws2_32:WS2_32.dll
 0001:0000953e       _WSAGetLastError@0         1000a53e f   ws2_32:WS2_32.dll
 0001:00009550       __chkesp                   1000a550 f   LIBCMTD:chkesp.obj
 0001:00009590       _malloc                    1000a590 f   LIBCMTD:dbgheap.obj
 0001:000095c0       __malloc_dbg               1000a5c0 f   LIBCMTD:dbgheap.obj
 0001:000095f0       __nh_malloc                1000a5f0 f   LIBCMTD:dbgheap.obj
 0001:00009610       __nh_malloc_dbg            1000a610 f   LIBCMTD:dbgheap.obj
 0001:000096b0       __heap_alloc               1000a6b0 f   LIBCMTD:dbgheap.obj
 0001:000096d0       __heap_alloc_dbg           1000a6d0 f   LIBCMTD:dbgheap.obj
 0001:000099f0       _calloc                    1000a9f0 f   LIBCMTD:dbgheap.obj
 0001:00009a20       __calloc_dbg               1000aa20 f   LIBCMTD:dbgheap.obj
 0001:00009a80       _realloc                   1000aa80 f   LIBCMTD:dbgheap.obj
 0001:00009ab0       __realloc_dbg              1000aab0 f   LIBCMTD:dbgheap.obj
 0001:0000a060       __expand                   1000b060 f   LIBCMTD:dbgheap.obj
 0001:0000a090       __expand_dbg               1000b090 f   LIBCMTD:dbgheap.obj
 0001:0000a120       _free                      1000b120 f   LIBCMTD:dbgheap.obj
 0001:0000a140       __free_lk                  1000b140 f   LIBCMTD:dbgheap.obj
 0001:0000a160       __free_dbg                 1000b160 f   LIBCMTD:dbgheap.obj
 0001:0000a1d0       __free_dbg_lk              1000b1d0 f   LIBCMTD:dbgheap.obj
 0001:0000a5c0       __msize                    1000b5c0 f   LIBCMTD:dbgheap.obj
 0001:0000a5e0       __msize_dbg                1000b5e0 f   LIBCMTD:dbgheap.obj
 0001:0000a770       __CrtSetBreakAlloc         1000b770 f   LIBCMTD:dbgheap.obj
 0001:0000a790       __CrtSetDbgBlockType       1000b790 f   LIBCMTD:dbgheap.obj
 0001:0000a870       __CrtSetAllocHook          1000b870 f   LIBCMTD:dbgheap.obj
 0001:0000a920       __CrtCheckMemory           1000b920 f   LIBCMTD:dbgheap.obj
 0001:0000acd0       __CrtSetDbgFlag            1000bcd0 f   LIBCMTD:dbgheap.obj
 0001:0000ad00       __CrtDoForAllClientObjects 1000bd00 f   LIBCMTD:dbgheap.obj
 0001:0000adb0       __CrtIsValidPointer        1000bdb0 f   LIBCMTD:dbgheap.obj
 0001:0000ae00       __CrtIsValidHeapPointer    1000be00 f   LIBCMTD:dbgheap.obj
 0001:0000af30       __CrtIsMemoryBlock         1000bf30 f   LIBCMTD:dbgheap.obj
 0001:0000b060       __CrtSetDumpClient         1000c060 f   LIBCMTD:dbgheap.obj
 0001:0000b080       __CrtMemCheckpoint         1000c080 f   LIBCMTD:dbgheap.obj
 0001:0000b230       __CrtMemDifference         1000c230 f   LIBCMTD:dbgheap.obj
 0001:0000b360       __CrtMemDumpAllObjectsSince 1000c360 f   LIBCMTD:dbgheap.obj
 0001:0000b780       __CrtDumpMemoryLeaks       1000c780 f   LIBCMTD:dbgheap.obj
 0001:0000b800       __CrtMemDumpStatistics     1000c800 f   LIBCMTD:dbgheap.obj
 0001:0000b8d0       __beginthreadex            1000c8d0 f   LIBCMTD:threadex.obj
 0001:0000ba60       __endthreadex              1000ca60 f   LIBCMTD:threadex.obj
 0001:0000baa8       __setjmp3                  1000caa8 f   LIBCMTD:setjmp3.obj
 0001:0000bb30       _memcpy                    1000cb30 f   LIBCMTD:memcpy.obj
 0001:0000be70       __dosmaperr                1000ce70 f   LIBCMTD:dosmap.obj
 0001:0000bf10       __errno                    1000cf10 f   LIBCMTD:dosmap.obj
 0001:0000bf20       ___doserrno                1000cf20 f   LIBCMTD:dosmap.obj
 0001:0000bf30       __ftime                    1000cf30 f   LIBCMTD:ftime.obj
 0001:0000c040       __alldiv                   1000d040 f   LIBCMTD:lldiv.obj
 0001:0000c0f0       __allmul                   1000d0f0 f   LIBCMTD:llmul.obj
 0001:0000c124       _longjmp                   1000d124 f   LIBCMTD:longjmp.obj
 0001:0000c1a0       __cinit                    1000d1a0 f   LIBCMTD:crt0dat.obj
 0001:0000c1e0       _exit                      1000d1e0 f   LIBCMTD:crt0dat.obj
 0001:0000c200       __exit                     1000d200 f   LIBCMTD:crt0dat.obj
 0001:0000c220       __cexit                    1000d220 f   LIBCMTD:crt0dat.obj
 0001:0000c240       __c_exit                   1000d240 f   LIBCMTD:crt0dat.obj
 0001:0000c350       __lockexit                 1000d350 f   LIBCMTD:crt0dat.obj
 0001:0000c360       __unlockexit               1000d360 f   LIBCMTD:crt0dat.obj
 0001:0000c3a0       _memset                    1000d3a0 f   LIBCMTD:memset.obj
 0001:0000c400       __CRT_INIT@12              1000d400 f   LIBCMTD:dllcrt0.obj
 0001:0000c540       __DllMainCRTStartup@12     1000d540 f   LIBCMTD:dllcrt0.obj
 0001:0000c640       __amsg_exit                1000d640 f   LIBCMTD:dllcrt0.obj
 0001:0000c680       __CrtDbgBreak              1000d680 f   LIBCMTD:dbgrpt.obj
 0001:0000c690       __CrtSetReportMode         1000d690 f   LIBCMTD:dbgrpt.obj
 0001:0000c6f0       __CrtSetReportFile         1000d6f0 f   LIBCMTD:dbgrpt.obj
 0001:0000c770       __CrtSetReportHook         1000d770 f   LIBCMTD:dbgrpt.obj
 0001:0000c790       __CrtDbgReport             1000d790 f   LIBCMTD:dbgrpt.obj
 0001:0000ce30       ?_set_new_handler@@YAP6AHI@ZP6AHI@Z@Z 1000de30 f   LIBCMTD:handler.obj
 0001:0000ce60       ?_query_new_handler@@YAP6AHI@ZXZ 1000de60 f   LIBCMTD:handler.obj
 0001:0000ce70       __callnewh                 1000de70 f   LIBCMTD:handler.obj
 0001:0000cea0       __mtinitlocks              1000dea0 f   LIBCMTD:mlock.obj
 0001:0000cee0       __mtdeletelocks            1000dee0 f   LIBCMTD:mlock.obj
 0001:0000cf80       __lock                     1000df80 f   LIBCMTD:mlock.obj
 0001:0000d020       __unlock                   1000e020 f   LIBCMTD:mlock.obj
 0001:0000d040       __lockerr_exit             1000e040 f   LIBCMTD:mlock.obj
 0001:0000d05c       __global_unwind2           1000e05c f   LIBCMTD:exsup.obj
 0001:0000d09e       __local_unwind2            1000e09e f   LIBCMTD:exsup.obj
 0001:0000d0f6       __NLG_Return2              1000e0f6 f   LIBCMTD:exsup.obj
 0001:0000d106       __abnormal_termination     1000e106 f   LIBCMTD:exsup.obj
 0001:0000d129       __NLG_Notify1              1000e129 f   LIBCMTD:exsup.obj
 0001:0000d132       __NLG_Notify               1000e132 f   LIBCMTD:exsup.obj
 0001:0000d145       __NLG_Dispatch             1000e145 f   LIBCMTD:exsup.obj
 0001:0000d154       __except_handler3          1000e154 f   LIBCMTD:exsup3.obj
 0001:0000d211       __seh_longjmp_unwind@4     1000e211 f   LIBCMTD:exsup3.obj
 0001:0000d230       __malloc_base              1000e230 f   LIBCMTD:malloc.obj
 0001:0000d250       __nh_malloc_base           1000e250 f   LIBCMTD:malloc.obj
 0001:0000d2b0       __heap_alloc_base          1000e2b0 f   LIBCMTD:malloc.obj
 0001:0000d400       __CrtDefaultAllocHook      1000e400 f   LIBCMTD:dbghook.obj
 0001:0000d410       __expand_base              1000e410 f   LIBCMTD:expand.obj
 0001:0000d620       __realloc_base             1000e620 f   LIBCMTD:realloc.obj
 0001:0000dac0       __free_base                1000eac0 f   LIBCMTD:free.obj
 0001:0000dc10       __heapchk                  1000ec10 f   LIBCMTD:heapchk.obj
 0001:0000dd20       __heapset                  1000ed20 f   LIBCMTD:heapchk.obj
 0001:0000dd30       __get_sbh_threshold        1000ed30 f   LIBCMTD:sbheap.obj
 0001:0000dd60       __set_sbh_threshold        1000ed60 f   LIBCMTD:sbheap.obj
 0001:0000de70       ___sbh_heap_init           1000ee70 f   LIBCMTD:sbheap.obj
 0001:0000dee0       ___sbh_find_block          1000eee0 f   LIBCMTD:sbheap.obj
 0001:0000df40       ___sbh_verify_block        1000ef40 f   LIBCMTD:sbheap.obj
 0001:0000dfa0       ___sbh_free_block          1000efa0 f   LIBCMTD:sbheap.obj
 0001:0000e580       ___sbh_alloc_block         1000f580 f   LIBCMTD:sbheap.obj
 0001:0000eac0       ___sbh_alloc_new_region    1000fac0 f   LIBCMTD:sbheap.obj
 0001:0000ebd0       ___sbh_alloc_new_group     1000fbd0 f   LIBCMTD:sbheap.obj
 0001:0000edc0       ___sbh_resize_block        1000fdc0 f   LIBCMTD:sbheap.obj
 0001:0000f3b0       ___sbh_heapmin             100103b0 f   LIBCMTD:sbheap.obj
 0001:0000f4e0       ___sbh_heap_check          100104e0 f   LIBCMTD:sbheap.obj
 0001:0000fb00       __get_old_sbh_threshold    10010b00 f   LIBCMTD:sbheap.obj
 0001:0000fb10       __set_old_sbh_threshold    10010b10 f   LIBCMTD:sbheap.obj
 0001:0000fb40       ___old_sbh_new_region      10010b40 f   LIBCMTD:sbheap.obj
 0001:0000fd20       ___old_sbh_release_region  10010d20 f   LIBCMTD:sbheap.obj
 0001:0000fda0       ___old_sbh_decommit_pages  10010da0 f   LIBCMTD:sbheap.obj
 0001:0000ff00       ___old_sbh_find_block      10010f00 f   LIBCMTD:sbheap.obj
 0001:0000ff90       ___old_sbh_free_block      10010f90 f   LIBCMTD:sbheap.obj
 0001:00010000       ___old_sbh_alloc_block     10011000 f   LIBCMTD:sbheap.obj
 0001:000103c0       ___old_sbh_alloc_block_from_page 100113c0 f   LIBCMTD:sbheap.obj
 0001:00010670       ___old_sbh_resize_block    10011670 f   LIBCMTD:sbheap.obj
 0001:000107e0       ___old_sbh_heap_check      100117e0 f   LIBCMTD:sbheap.obj
 0001:00010a20       __GetLinkerVersion         10011a20 f   LIBCMTD:heapinit.obj
 0001:00010a80       ___heap_select             10011a80 f   LIBCMTD:heapinit.obj
 0001:00010cb0       __heap_init                10011cb0 f   LIBCMTD:heapinit.obj
 0001:00010d40       __heap_term                10011d40 f   LIBCMTD:heapinit.obj
 0001:00010e30       _sprintf                   10011e30 f   LIBCMTD:sprintf.obj
 0001:00010f30       __isctype                  10011f30 f   LIBCMTD:isctype.obj
 0001:00010ff0       __mtinit                   10011ff0 f   LIBCMTD:tidtable.obj
 0001:00011080       __mtterm                   10012080 f   LIBCMTD:tidtable.obj
 0001:000110b0       __initptd                  100120b0 f   LIBCMTD:tidtable.obj
 0001:000110d0       __getptd                   100120d0 f   LIBCMTD:tidtable.obj
 0001:00011170       __freeptd                  10012170 f   LIBCMTD:tidtable.obj
 0001:00011280       ___threadid                10012280 f   LIBCMTD:tidtable.obj
 0001:00011290       ___threadhandle            10012290 f   LIBCMTD:tidtable.obj
 0001:000112a0       __XcptFilter               100122a0 f   LIBCMTD:winxfltr.obj
 0001:000114c0       ___tzset                   100124c0 f   LIBCMTD:tzset.obj
 0001:00011500       __tzset                    10012500 f   LIBCMTD:tzset.obj
 0001:000118d0       __isindst                  100128d0 f   LIBCMTD:tzset.obj
 0001:00011e00       __aullrem                  10012e00 f   LIBCMTD:ullrem.obj
 0001:00011e80       __aulldiv                  10012e80 f   LIBCMTD:ulldiv.obj
 0001:00011ef0       __rt_probe_read4@4         10012ef0 f   LIBCMTD:sehsupp.obj
 0001:00011f80       __ioinit                   10012f80 f   LIBCMTD:ioinit.obj
 0001:000122b0       __ioterm                   100132b0 f   LIBCMTD:ioinit.obj
 0001:00012350       __setenvp                  10013350 f   LIBCMTD:stdenvp.obj
 0001:000124a0       __setargv                  100134a0 f   LIBCMTD:stdargv.obj
 0001:000129b0       ___crtGetEnvironmentStringsA 100139b0 f   LIBCMTD:a_env.obj
 0001:00012bd0       _DllMain@12                10013bd0 f   LIBCMTD:dllmain.obj
 0001:00012be0       __FF_MSGBANNER             10013be0 f   LIBCMTD:crt0msg.obj
 0001:00012c30       __NMSG_WRITE               10013c30 f   LIBCMTD:crt0msg.obj
 0001:00012df0       __GET_RTERRMSG             10013df0 f   LIBCMTD:crt0msg.obj
 0001:00012e40       __itoa                     10013e40 f   LIBCMTD:xtoa.obj
 0001:00012f60       __ltoa                     10013f60 f   LIBCMTD:xtoa.obj
 0001:00012fa0       __ultoa                    10013fa0 f   LIBCMTD:xtoa.obj
 0001:00012fc0       __i64toa                   10013fc0 f   LIBCMTD:xtoa.obj
 0001:00013110       __ui64toa                  10014110 f   LIBCMTD:xtoa.obj
 0001:00013130       _strlen                    10014130 f   LIBCMTD:strlen.obj
 0001:000131b0       __snprintf                 100141b0 f   LIBCMTD:snprintf.obj
 0001:000132b0       _strcpy                    100142b0 f   LIBCMTD:strcat.obj
 0001:000132c0       _strcat                    100142c0 f   LIBCMTD:strcat.obj
 0001:000133a0       __vsnprintf                100143a0 f   LIBCMTD:vsnprint.obj
 0001:000134a0       __alloca_probe             100144a0 f   LIBCMTD:chkstk.obj
 0001:000134a0       __chkstk                   100144a0 f   LIBCMTD:chkstk.obj
 0001:000134d0       _signal                    100144d0 f   LIBCMTD:winsig.obj
 0001:000137a0       _raise                     100147a0 f   LIBCMTD:winsig.obj
 0001:00013a40       ___fpecode                 10014a40 f   LIBCMTD:winsig.obj
 0001:00013a50       ___pxcptinfoptrs           10014a50 f   LIBCMTD:winsig.obj
 0001:00013a60       ___crtMessageBoxA          10014a60 f   LIBCMTD:crtmbox.obj
 0001:00013b20       _strncpy                   10014b20 f   LIBCMTD:strncpy.obj
 0001:00013c20       _memmove                   10014c20 f   LIBCMTD:memmove.obj
 0001:00013f60       _strtol                    10014f60 f   LIBCMTD:strtol.obj
 0001:000142c0       _strtoul                   100152c0 f   LIBCMTD:strtol.obj
 0001:000142f0       _strchr                    100152f0 f   LIBCMTD:strchr.obj
 0001:000142f6       ___from_strstr_to_strchr   100152f6 f   LIBCMTD:strchr.obj
 0001:000143b0       _strstr                    100153b0 f   LIBCMTD:strstr.obj
 0001:00014430       _strncmp                   10015430 f   LIBCMTD:strncmp.obj
 0001:00014470       __flsbuf                   10015470 f   LIBCMTD:_flsbuf.obj
 0001:000146f0       __output                   100156f0 f   LIBCMTD:output.obj
 0001:00015590       ___crtGetStringTypeA       10016590 f   LIBCMTD:a_str.obj
 0001:00015750       _atol                      10016750 f   LIBCMTD:atox.obj
 0001:00015850       _atoi                      10016850 f   LIBCMTD:atox.obj
 0001:00015870       __atoi64                   10016870 f   LIBCMTD:atox.obj
 0001:000159a0       _strcmp                    100169a0 f   LIBCMTD:strcmp.obj
 0001:00015a30       _getenv                    10016a30 f   LIBCMTD:getenv.obj
 0001:00015a60       __getenv_lk                10016a60 f   LIBCMTD:getenv.obj
 0001:00015b30       __setmbcp                  10016b30 f   LIBCMTD:mbctype.obj
 0001:000162f0       __getmbcp                  100172f0 f   LIBCMTD:mbctype.obj
 0001:00016310       ___initmbctable            10017310 f   LIBCMTD:mbctype.obj
 0001:00016340       __toupper                  10017340 f   LIBCMTD:toupper.obj
 0001:00016350       _toupper                   10017350 f   LIBCMTD:toupper.obj
 0001:000163f0       __toupper_lk               100173f0 f   LIBCMTD:toupper.obj
 0001:00016520       __lseek                    10017520 f   LIBCMTD:lseek.obj
 0001:000165b0       __lseek_lk                 100175b0 f   LIBCMTD:lseek.obj
 0001:00016670       __write                    10017670 f   LIBCMTD:write.obj
 0001:00016700       __write_lk                 10017700 f   LIBCMTD:write.obj
 0001:00016980       __getbuf                   10017980 f   LIBCMTD:_getbuf.obj
 0001:00016a50       __isatty                   10017a50 f   LIBCMTD:isatty.obj
 0001:00016a90       ___initstdio               10017a90 f   LIBCMTD:_file.obj
 0001:00016bc0       ___endstdio                10017bc0 f   LIBCMTD:_file.obj
 0001:00016be0       __lock_file                10017be0 f   LIBCMTD:_file.obj
 0001:00016c20       __lock_file2               10017c20 f   LIBCMTD:_file.obj
 0001:00016c50       __unlock_file              10017c50 f   LIBCMTD:_file.obj
 0001:00016c90       __unlock_file2             10017c90 f   LIBCMTD:_file.obj
 0001:00016cc0       _wctomb                    10017cc0 f   LIBCMTD:wctomb.obj
 0001:00016d40       __wctomb_lk                10017d40 f   LIBCMTD:wctomb.obj
 0001:00016de0       __mbsnbicoll               10017de0 f   LIBCMTD:mbsnbico.obj
 0001:00016e30       ___wtomb_environ           10017e30 f   LIBCMTD:wtombenv.obj
 0001:00016ee0       ___crtLCMapStringA         10017ee0 f   LIBCMTD:a_map.obj
 0001:00017240       _setlocale                 10018240 f   LIBCMTD:setlocal.obj
 0001:000178d0       __expandlocale             100188d0 f   LIBCMTD:setlocal.obj
 0001:00017a60       ___init_dummy              10018a60 f   LIBCMTD:setlocal.obj
 0001:00017a70       __strcats                  10018a70 f   LIBCMTD:setlocal.obj
 0001:00017ac0       ___lc_strtolc              10018ac0 f   LIBCMTD:setlocal.obj
 0001:00017c20       ___lc_lctostr              10018c20 f   LIBCMTD:setlocal.obj
 0001:00017c90       __alloc_osfhnd             10018c90 f   LIBCMTD:osfinfo.obj
 0001:00017e80       __set_osfhnd               10018e80 f   LIBCMTD:osfinfo.obj
 0001:00017f40       __free_osfhnd              10018f40 f   LIBCMTD:osfinfo.obj
 0001:00018020       __get_osfhandle            10019020 f   LIBCMTD:osfinfo.obj
 0001:00018090       __open_osfhandle           10019090 f   LIBCMTD:osfinfo.obj
 0001:000181a0       __lock_fhandle             100191a0 f   LIBCMTD:osfinfo.obj
 0001:00018230       __unlock_fhandle           10019230 f   LIBCMTD:osfinfo.obj
 0001:00018260       __fcloseall                10019260 f   LIBCMTD:closeall.obj
 0001:00018340       _fflush                    10019340 f   LIBCMTD:fflush.obj
 0001:00018390       __fflush_lk                10019390 f   LIBCMTD:fflush.obj
 0001:000183e0       __flush                    100193e0 f   LIBCMTD:fflush.obj
 0001:000184a0       __flushall                 100194a0 f   LIBCMTD:fflush.obj
 0001:000185f0       __fptrap                   100195f0 f   LIBCMTD:crt0fp.obj
 0001:00018600       ___crtCompareStringA       10019600 f   LIBCMTD:a_cmp.obj
 0001:00018a50       ___crtsetenv               10019a50 f   LIBCMTD:setenv.obj
 0001:00018ea0       ___init_time               10019ea0 f   LIBCMTD:inittime.obj
 0001:00019820       ___init_numeric            1001a820 f   LIBCMTD:initnum.obj
 0001:00019b50       ___init_monetary           1001ab50 f   LIBCMTD:initmon.obj
 0001:00019fb0       ___init_ctype              1001afb0 f   LIBCMTD:initctyp.obj
 0001:0001a350       ___init_collate            1001b350 f   LIBCMTD:initcoll.obj
 0001:0001a360       _strcspn                   1001b360 f   LIBCMTD:strcspn.obj
 0001:0001a3a0       _strpbrk                   1001b3a0 f   LIBCMTD:strpbrk.obj
 0001:0001a3e0       ___get_qualified_locale    1001b3e0 f   LIBCMTD:getqloc.obj
 0001:0001b180       _fclose                    1001c180 f   LIBCMTD:fclose.obj
 0001:0001b210       __fclose_lk                1001c210 f   LIBCMTD:fclose.obj
 0001:0001b2d0       __commit                   1001c2d0 f   LIBCMTD:commit.obj
 0001:0001b3b0       __mbschr                   1001c3b0 f   LIBCMTD:mbschr.obj
 0001:0001b4a0       __Getdays                  1001c4a0 f   LIBCMTD:strftime.obj
 0001:0001b5d0       __Getmonths                1001c5d0 f   LIBCMTD:strftime.obj
 0001:0001b700       __Gettnames                1001c700 f   LIBCMTD:strftime.obj
 0001:0001ba70       _strftime                  1001ca70 f   LIBCMTD:strftime.obj
 0001:0001ba90       __Strftime                 1001ca90 f   LIBCMTD:strftime.obj
 0001:0001c910       ___getlocaleinfo           1001d910 f   LIBCMTD:inithelp.obj
 0001:0001cba0       _localeconv                1001dba0 f   LIBCMTD:lconv.obj
 0001:0001cbb0       ___crtGetStringTypeW       1001dbb0 f   LIBCMTD:w_str.obj
 0001:0001ce20       __stricmp                  1001de20 f   LIBCMTD:stricmp.obj
 0001:0001ce20       __strcmpi                  1001de20 f   LIBCMTD:stricmp.obj
 0001:0001cef0       __strnicmp                 1001def0 f   LIBCMTD:strnicmp.obj
 0001:0001d000       __close                    1001e000 f   LIBCMTD:close.obj
 0001:0001d080       __close_lk                 1001e080 f   LIBCMTD:close.obj
 0001:0001d130       __freebuf                  1001e130 f   LIBCMTD:_freebuf.obj
 0001:0001d1d0       ___crtGetLocaleInfoW       1001e1d0 f   LIBCMTD:w_loc.obj
 0001:0001d370       ___crtGetLocaleInfoA       1001e370 f   LIBCMTD:a_loc.obj
 0001:0001d520       __tolower                  1001e520 f   LIBCMTD:tolower.obj
 0001:0001d530       _tolower                   1001e530 f   LIBCMTD:tolower.obj
 0001:0001d5d0       __tolower_lk               1001e5d0 f   LIBCMTD:tolower.obj
 0001:0001d6fc       _IsBadWritePtr@8           1001e6fc f   kernel32:KERNEL32.dll
 0001:0001d702       _IsBadReadPtr@8            1001e702 f   kernel32:KERNEL32.dll
 0001:0001d708       _HeapValidate@12           1001e708 f   kernel32:KERNEL32.dll
 0001:0001d70e       _CreateThread@24           1001e70e f   kernel32:KERNEL32.dll
 0001:0001d714       _ExitThread@4              1001e714 f   kernel32:KERNEL32.dll
 0001:0001d71a       _GetTimeZoneInformation@4  1001e71a f   kernel32:KERNEL32.dll
 0001:0001d720       _GetSystemTimeAsFileTime@4 1001e720 f   kernel32:KERNEL32.dll
 0001:0001d726       _ExitProcess@4             1001e726 f   kernel32:KERNEL32.dll
 0001:0001d72c       _TerminateProcess@8        1001e72c f   kernel32:KERNEL32.dll
 0001:0001d732       _GetCommandLineA@0         1001e732 f   kernel32:KERNEL32.dll
 0001:0001d738       _GetVersion@0              1001e738 f   kernel32:KERNEL32.dll
 0001:0001d73e       _DebugBreak@0              1001e73e f   kernel32:KERNEL32.dll
 0001:0001d744       _GetStdHandle@4            1001e744 f   kernel32:KERNEL32.dll
 0001:0001d74a       _WriteFile@20              1001e74a f   kernel32:KERNEL32.dll
 0001:0001d750       _OutputDebugStringA@4      1001e750 f   kernel32:KERNEL32.dll
 0001:0001d756       _InterlockedIncrement@4    1001e756 f   kernel32:KERNEL32.dll
 0001:0001d75c       _GetModuleFileNameA@12     1001e75c f   kernel32:KERNEL32.dll
 0001:0001d762       _FatalAppExitA@8           1001e762 f   kernel32:KERNEL32.dll
 0001:0001d768       _RtlUnwind@16              1001e768 f   kernel32:KERNEL32.dll
 0001:0001d76e       _HeapAlloc@12              1001e76e f   kernel32:KERNEL32.dll
 0001:0001d774       _HeapReAlloc@16            1001e774 f   kernel32:KERNEL32.dll
 0001:0001d77a       _HeapFree@12               1001e77a f   kernel32:KERNEL32.dll
 0001:0001d780       _VirtualFree@12            1001e780 f   kernel32:KERNEL32.dll
 0001:0001d786       _VirtualAlloc@16           1001e786 f   kernel32:KERNEL32.dll
 0001:0001d78c       _GetModuleHandleA@4        1001e78c f   kernel32:KERNEL32.dll
 0001:0001d792       _GetEnvironmentVariableA@12 1001e792 f   kernel32:KERNEL32.dll
 0001:0001d798       _GetVersionExA@4           1001e798 f   kernel32:KERNEL32.dll
 0001:0001d79e       _HeapDestroy@4             1001e79e f   kernel32:KERNEL32.dll
 0001:0001d7a4       _HeapCreate@12             1001e7a4 f   kernel32:KERNEL32.dll
 0001:0001d7aa       _UnhandledExceptionFilter@4 1001e7aa f   kernel32:KERNEL32.dll
 0001:0001d7b0       _WideCharToMultiByte@32    1001e7b0 f   kernel32:KERNEL32.dll
 0001:0001d7b6       _SetHandleCount@4          1001e7b6 f   kernel32:KERNEL32.dll
 0001:0001d7bc       _GetFileType@4             1001e7bc f   kernel32:KERNEL32.dll
 0001:0001d7c2       _GetStartupInfoA@4         1001e7c2 f   kernel32:KERNEL32.dll
 0001:0001d7c8       _FreeEnvironmentStringsA@4 1001e7c8 f   kernel32:KERNEL32.dll
 0001:0001d7ce       _FreeEnvironmentStringsW@4 1001e7ce f   kernel32:KERNEL32.dll
 0001:0001d7d4       _GetEnvironmentStrings@0   1001e7d4 f   kernel32:KERNEL32.dll
 0001:0001d7da       _GetEnvironmentStringsW@0  1001e7da f   kernel32:KERNEL32.dll
 0001:0001d7e0       _SetConsoleCtrlHandler@8   1001e7e0 f   kernel32:KERNEL32.dll
 0001:0001d7e6       _MultiByteToWideChar@24    1001e7e6 f   kernel32:KERNEL32.dll
 0001:0001d7ec       _GetStringTypeA@20         1001e7ec f   kernel32:KERNEL32.dll
 0001:0001d7f2       _GetStringTypeW@16         1001e7f2 f   kernel32:KERNEL32.dll
 0001:0001d7f8       _GetCPInfo@8               1001e7f8 f   kernel32:KERNEL32.dll
 0001:0001d7fe       _GetACP@0                  1001e7fe f   kernel32:KERNEL32.dll
 0001:0001d804       _GetOEMCP@0                1001e804 f   kernel32:KERNEL32.dll
 0001:0001d80a       _SetFilePointer@16         1001e80a f   kernel32:KERNEL32.dll
 0001:0001d810       _LCMapStringA@24           1001e810 f   kernel32:KERNEL32.dll
 0001:0001d816       _LCMapStringW@24           1001e816 f   kernel32:KERNEL32.dll
 0001:0001d81c       _SetStdHandle@8            1001e81c f   kernel32:KERNEL32.dll
 0001:0001d822       _CompareStringA@24         1001e822 f   kernel32:KERNEL32.dll
 0001:0001d828       _CompareStringW@24         1001e828 f   kernel32:KERNEL32.dll
 0001:0001d82e       _SetEnvironmentVariableA@8 1001e82e f   kernel32:KERNEL32.dll
 0001:0001d834       _IsValidLocale@8           1001e834 f   kernel32:KERNEL32.dll
 0001:0001d83a       _IsValidCodePage@4         1001e83a f   kernel32:KERNEL32.dll
 0001:0001d840       _GetLocaleInfoA@16         1001e840 f   kernel32:KERNEL32.dll
 0001:0001d846       _EnumSystemLocalesA@8      1001e846 f   kernel32:KERNEL32.dll
 0001:0001d84c       _GetUserDefaultLCID@0      1001e84c f   kernel32:KERNEL32.dll
 0001:0001d852       _FlushFileBuffers@4        1001e852 f   kernel32:KERNEL32.dll
 0001:0001d858       _GetLocaleInfoW@16         1001e858 f   kernel32:KERNEL32.dll
 0001:000238b0       __enc$textbss$begin        100248b0     <linker-defined>
 0001:000338b0       __enc$textbss$end          100348b0     <linker-defined>
 0002:0000001c       ??_C@_0BE@LJDJ@QueueUserAPCEx_Init?$AA@ 1003501c     pthread.obj
 0002:00000034       ??_C@_0P@CKGM@QueueUserAPCEx?$AA@ 10035034     pthread.obj
 0002:00000048       ??_C@_0M@PCDE@QUSEREX?4DLL?$AA@ 10035048     pthread.obj
 0002:00000058       ??_C@_0BL@NPBA@InterlockedCompareExchange?$AA@ 10035058     pthread.obj
 0002:00000078       ??_C@_0N@MMAA@KERNEL32?4DLL?$AA@ 10035078     pthread.obj
 0002:00000088       ??_C@_0BE@ELCA@QueueUserAPCEx_Fini?$AA@ 10035088     pthread.obj
 0002:000000a0       ??_C@_0O@FHMD@i386?2chkesp?4c?$AA@ 100350a0     LIBCMTD:chkesp.obj
 0002:000000b0       ??_C@_00A@?$AA@            100350b0     LIBCMTD:chkesp.obj
 0002:000000b4       ??_C@_0NM@ELEE@The?5value?5of?5ESP?5was?5not?5properl@ 100350b4     LIBCMTD:chkesp.obj
 0002:00000190       ??_C@_06DPMO@Client?$AA@   10035190     LIBCMTD:dbgheap.obj
 0002:00000198       ??_C@_06BAFM@Ignore?$AA@   10035198     LIBCMTD:dbgheap.obj
 0002:000001a0       ??_C@_03DICE@CRT?$AA@      100351a0     LIBCMTD:dbgheap.obj
 0002:000001a4       ??_C@_06BILL@Normal?$AA@   100351a4     LIBCMTD:dbgheap.obj
 0002:000001ac       ??_C@_04NEN@Free?$AA@      100351ac     LIBCMTD:dbgheap.obj
 0002:000001c4       ??_C@_0DC@CGID@Error?3?5memory?5allocation?3?5bad?5me@ 100351c4     LIBCMTD:dbgheap.obj
 0002:000001f8       ??_C@_0CE@FMIA@Invalid?5allocation?5size?3?5?$CFu?5byte@ 100351f8     LIBCMTD:dbgheap.obj
 0002:0000021c       ??_C@_02DILL@?$CFs?$AA@    1003521c     LIBCMTD:dbgheap.obj
 0002:00000220       ??_C@_0CB@CPBI@Client?5hook?5allocation?5failure?4?6@ 10035220     LIBCMTD:dbgheap.obj
 0002:00000244       ??_C@_0DF@DKHF@Client?5hook?5allocation?5failure?5a@ 10035244     LIBCMTD:dbgheap.obj
 0002:0000027c       ??_C@_09IMJC@dbgheap?4c?$AA@ 1003527c     LIBCMTD:dbgheap.obj
 0002:00000288       ??_C@_0BC@EPKL@_CrtCheckMemory?$CI?$CJ?$AA@ 10035288     LIBCMTD:dbgheap.obj
 0002:000002ac       ??_C@_0BK@JDHA@_pFirstBlock?5?$DN?$DN?5pOldBlock?$AA@ 100352ac     LIBCMTD:dbgheap.obj
 0002:000002c8       ??_C@_0BJ@NMEF@_pLastBlock?5?$DN?$DN?5pOldBlock?$AA@ 100352c8     LIBCMTD:dbgheap.obj
 0002:000002e4       ??_C@_0DC@BOCN@fRealloc?5?$HM?$HM?5?$CI?$CBfRealloc?5?$CG?$CG?5pNewBl@ 100352e4     LIBCMTD:dbgheap.obj
 0002:00000318       ??_C@_0DK@DKOM@_BLOCK_TYPE?$CIpOldBlock?9?$DOnBlockUse@ 10035318     LIBCMTD:dbgheap.obj
 0002:00000354       ??_C@_0EF@EDKM@pOldBlock?9?$DOnLine?5?$DN?$DN?5IGNORE_LINE?5@ 10035354     LIBCMTD:dbgheap.obj
 0002:0000039c       ??_C@_0CC@GPMO@_CrtIsValidHeapPointer?$CIpUserData@ 1003539c     LIBCMTD:dbgheap.obj
 0002:000003c0       ??_C@_0CN@FHGE@Allocation?5too?5large?5or?5negative@ 100353c0     LIBCMTD:dbgheap.obj
 0002:000003f0       ??_C@_0CE@EAMN@Client?5hook?5re?9allocation?5failur@ 100353f0     LIBCMTD:dbgheap.obj
 0002:00000414       ??_C@_0DI@KKMM@Client?5hook?5re?9allocation?5failur@ 10035414     LIBCMTD:dbgheap.obj
 0002:0000046c       ??_C@_0BG@JCEC@_pFirstBlock?5?$DN?$DN?5pHead?$AA@ 1003546c     LIBCMTD:dbgheap.obj
 0002:00000484       ??_C@_0BF@NLNN@_pLastBlock?5?$DN?$DN?5pHead?$AA@ 10035484     LIBCMTD:dbgheap.obj
 0002:0000049c       ??_C@_0BO@PLHH@pHead?9?$DOnBlockUse?5?$DN?$DN?5nBlockUse?$AA@ 1003549c     LIBCMTD:dbgheap.obj
 0002:000004bc       ??_C@_0DN@KKIO@pHead?9?$DOnLine?5?$DN?$DN?5IGNORE_LINE?5?$CG?$CG?5p@ 100354bc     LIBCMTD:dbgheap.obj
 0002:000004fc       ??_C@_0CK@OJNB@DAMAGE?3?5after?5?$CFhs?5block?5?$CI?$CD?$CFd?$CJ?5at@ 100354fc     LIBCMTD:dbgheap.obj
 0002:00000528       ??_C@_0CL@IJIL@DAMAGE?3?5before?5?$CFhs?5block?5?$CI?$CD?$CFd?$CJ?5a@ 10035528     LIBCMTD:dbgheap.obj
 0002:00000554       ??_C@_0CH@PHOC@_BLOCK_TYPE_IS_VALID?$CIpHead?9?$DOnBlo@ 10035554     LIBCMTD:dbgheap.obj
 0002:0000057c       ??_C@_0BL@MBNA@Client?5hook?5free?5failure?4?6?$AA@ 1003557c     LIBCMTD:dbgheap.obj
 0002:000005b4       ??_C@_0DK@EKKL@memory?5check?5error?5at?50x?$CF08X?5?$DN?50@ 100355b4     LIBCMTD:dbgheap.obj
 0002:000005f0       ??_C@_0CJ@GCII@?$CFhs?5located?5at?50x?$CF08X?5is?5?$CFu?5byte@ 100355f0     LIBCMTD:dbgheap.obj
 0002:0000061c       ??_C@_0CA@EJPI@?$CFhs?5allocated?5at?5file?5?$CFhs?$CI?$CFd?$CJ?4?6?$AA@ 1003561c     LIBCMTD:dbgheap.obj
 0002:0000063c       ??_C@_0CJ@LHHG@DAMAGE?3?5on?5top?5of?5Free?5block?5at?5@ 1003563c     LIBCMTD:dbgheap.obj
 0002:00000668       ??_C@_07GJHM@DAMAGED?$AA@  10035668     LIBCMTD:dbgheap.obj
 0002:00000670       ??_C@_0CL@ODIE@_heapchk?5fails?5with?5unknown?5retu@ 10035670     LIBCMTD:dbgheap.obj
 0002:0000069c       ??_C@_0CC@EHNC@_heapchk?5fails?5with?5_HEAPBADPTR?4@ 1003569c     LIBCMTD:dbgheap.obj
 0002:000006c0       ??_C@_0CC@JNDP@_heapchk?5fails?5with?5_HEAPBADEND?4@ 100356c0     LIBCMTD:dbgheap.obj
 0002:000006e4       ??_C@_0CD@DNMG@_heapchk?5fails?5with?5_HEAPBADNODE@ 100356e4     LIBCMTD:dbgheap.obj
 0002:00000708       ??_C@_0CE@JMCB@_heapchk?5fails?5with?5_HEAPBADBEGI@ 10035708     LIBCMTD:dbgheap.obj
 0002:0000075c       ??_C@_0CD@MEMI@Bad?5memory?5block?5found?5at?50x?$CF08X@ 1003575c     LIBCMTD:dbgheap.obj
 0002:00000780       ??_C@_0CI@GMAO@_CrtMemCheckPoint?3?5NULL?5state?5po@ 10035780     LIBCMTD:dbgheap.obj
 0002:000007b4       ??_C@_0CI@MNAE@_CrtMemDifference?3?5NULL?5state?5po@ 100357b4     LIBCMTD:dbgheap.obj
 0002:000007dc       ??_C@_0BH@PKIJ@Object?5dump?5complete?4?6?$AA@ 100357dc     LIBCMTD:dbgheap.obj
 0002:000007f4       ??_C@_0DB@DBPF@crt?5block?5at?50x?$CF08X?0?5subtype?5?$CFx?0@ 100357f4     LIBCMTD:dbgheap.obj
 0002:00000828       ??_C@_0CI@JLM@normal?5block?5at?50x?$CF08X?0?5?$CFu?5bytes@ 10035828     LIBCMTD:dbgheap.obj
 0002:00000850       ??_C@_0DE@PFEA@client?5block?5at?50x?$CF08X?0?5subtype?5@ 10035850     LIBCMTD:dbgheap.obj
 0002:00000884       ??_C@_06MBCE@?$HL?$CFld?$HN?5?$AA@ 10035884     LIBCMTD:dbgheap.obj
 0002:0000088c       ??_C@_0L@BLDJ@?$CFhs?$CI?$CFd?$CJ?5?3?5?$AA@ 1003588c     LIBCMTD:dbgheap.obj
 0002:00000898       ??_C@_0BE@FEMA@?$CDFile?5Error?$CD?$CI?$CFd?$CJ?5?3?5?$AA@ 10035898     LIBCMTD:dbgheap.obj
 0002:000008ac       ??_C@_0BE@FPPM@Dumping?5objects?5?9?$DO?6?$AA@ 100358ac     LIBCMTD:dbgheap.obj
 0002:000008cc       ??_C@_0BA@POLM@?5Data?3?5?$DM?$CFs?$DO?5?$CFs?6?$AA@ 100358cc     LIBCMTD:dbgheap.obj
 0002:000008dc       ??_C@_05JLAO@?$CF?42X?5?$AA@ 100358dc     LIBCMTD:dbgheap.obj
 0002:000008e4       ??_C@_0BI@KONA@Detected?5memory?5leaks?$CB?6?$AA@ 100358e4     LIBCMTD:dbgheap.obj
 0002:000008fc       ??_C@_0BP@LCCN@Total?5allocations?3?5?$CFld?5bytes?4?6?$AA@ 100358fc     LIBCMTD:dbgheap.obj
 0002:0000091c       ??_C@_0CB@COID@Largest?5number?5used?3?5?$CFld?5bytes?4?6@ 1003591c     LIBCMTD:dbgheap.obj
 0002:00000940       ??_C@_0BO@MEJD@?$CFld?5bytes?5in?5?$CFld?5?$CFhs?5Blocks?4?6?$AA@ 10035940     LIBCMTD:dbgheap.obj
 0002:00000960       ??_C@_0L@BOLO@threadex?4c?$AA@ 10035960     LIBCMTD:threadex.obj
 0002:0000097c       ??_C@_0BB@BLL@Assertion?5Failed?$AA@ 1003597c     LIBCMTD:dbgrpt.obj
 0002:00000990       ??_C@_05CKBG@Error?$AA@    10035990     LIBCMTD:dbgrpt.obj
 0002:00000998       ??_C@_07JCGI@Warning?$AA@  10035998     LIBCMTD:dbgrpt.obj
 0002:000009a0       ??_C@_0M@ODEP@?$CFs?$CI?$CFd?$CJ?5?3?5?$CFs?$AA@ 100359a0     LIBCMTD:dbgrpt.obj
 0002:000009ac       ??_C@_01BJG@?6?$AA@        100359ac     LIBCMTD:dbgrpt.obj
 0002:000009b0       ??_C@_01FEHD@?$AN?$AA@     100359b0     LIBCMTD:dbgrpt.obj
 0002:000009b4       ??_C@_0BC@OIMC@Assertion?5failed?$CB?$AA@ 100359b4     LIBCMTD:dbgrpt.obj
 0002:000009c8       ??_C@_0BD@BEAK@Assertion?5failed?3?5?$AA@ 100359c8     LIBCMTD:dbgrpt.obj
 0002:000009dc       ??_C@_0CL@LCCP@_CrtDbgReport?3?5String?5too?5long?5o@ 100359dc     LIBCMTD:dbgrpt.obj
 0002:00000a08       ??_C@_0DC@EMDK@Second?5Chance?5Assertion?5Failed?3?5@ 10035a08     LIBCMTD:dbgrpt.obj
 0002:00000a3c       ??_C@_09NJAK@wsprintfA?$AA@ 10035a3c     LIBCMTD:dbgrpt.obj
 0002:00000a48       ??_C@_0L@HKL@user32?4dll?$AA@ 10035a48     LIBCMTD:dbgrpt.obj
 0002:00000a54       ??_C@_0CD@GCMD@Microsoft?5Visual?5C?$CL?$CL?5Debug?5Libra@ 10035a54     LIBCMTD:dbgrpt.obj
 0002:00000a78       ??_C@_0FD@EBDD@Debug?5?$CFs?$CB?6?6Program?3?5?$CFs?$CFs?$CFs?$CFs?$CFs?$CFs@ 10035a78     LIBCMTD:dbgrpt.obj
 0002:00000acc       ??_C@_09DCKN@?6Module?3?5?$AA@ 10035acc     LIBCMTD:dbgrpt.obj
 0002:00000ad8       ??_C@_07HJII@?6File?3?5?$AA@ 10035ad8     LIBCMTD:dbgrpt.obj
 0002:00000ae0       ??_C@_07LFGN@?6Line?3?5?$AA@ 10035ae0     LIBCMTD:dbgrpt.obj
 0002:00000ae8       ??_C@_02JJJH@?6?6?$AA@     10035ae8     LIBCMTD:dbgrpt.obj
 0002:00000aec       ??_C@_0N@NOAB@Expression?3?5?$AA@ 10035aec     LIBCMTD:dbgrpt.obj
 0002:00000afc       ??_C@_0HD@BHFH@?6?6For?5information?5on?5how?5your?5pr@ 10035afc     LIBCMTD:dbgrpt.obj
 0002:00000b70       ??_C@_03NAME@?4?4?4?$AA@   10035b70     LIBCMTD:dbgrpt.obj
 0002:00000b74       ??_C@_0BH@NNCD@?$DMprogram?5name?5unknown?$DO?$AA@ 10035b74     LIBCMTD:dbgrpt.obj
 0002:00000b8c       ??_C@_08GFHP@dbgrpt?4c?$AA@ 10035b8c     LIBCMTD:dbgrpt.obj
 0002:00000b98       ??_C@_0BG@FBEA@szUserMessage?5?$CB?$DN?5NULL?$AA@ 10035b98     LIBCMTD:dbgrpt.obj
 0002:00000bb0       ??_C@_07PDLA@mlock?4c?$AA@ 10035bb0     LIBCMTD:mlock.obj
 0002:00000c30       ??_C@_0BH@PHHF@__GLOBAL_HEAP_SELECTED?$AA@ 10035c30     LIBCMTD:heapinit.obj
 0002:00000c48       ??_C@_0BF@BBGL@__MSVCRT_HEAP_SELECT?$AA@ 10035c48     LIBCMTD:heapinit.obj
 0002:00000c60       ??_C@_0P@LNLA@format?5?$CB?$DN?5NULL?$AA@ 10035c60     LIBCMTD:sprintf.obj
 0002:00000c70       ??_C@_09NEAG@sprintf?4c?$AA@ 10035c70     LIBCMTD:sprintf.obj
 0002:00000c7c       ??_C@_0P@OOIN@string?5?$CB?$DN?5NULL?$AA@ 10035c7c     LIBCMTD:sprintf.obj
 0002:00000c8c       ??_C@_0L@ENLJ@tidtable?4c?$AA@ 10035c8c     LIBCMTD:tidtable.obj
 0002:00000c98       ___dnames                  10035c98     LIBCMTD:timeset.obj
 0002:00000cb0       ___mnames                  10035cb0     LIBCMTD:timeset.obj
 0002:00000cd8       ??_C@_07DEKI@tzset?4c?$AA@ 10035cd8     LIBCMTD:tzset.obj
 0002:00000ce0       ??_C@_02JHIA@TZ?$AA@       10035ce0     LIBCMTD:tzset.obj
 0002:00000cf4       ??_C@_08KFDJ@ioinit?4c?$AA@ 10035cf4     LIBCMTD:ioinit.obj
 0002:00000d00       ??_C@_09IGKD@stdenvp?4c?$AA@ 10035d00     LIBCMTD:stdenvp.obj
 0002:00000d0c       ??_C@_09MPMN@stdargv?4c?$AA@ 10035d0c     LIBCMTD:stdargv.obj
 0002:00000d18       ??_C@_07BNNE@a_env?4c?$AA@ 10035d18     LIBCMTD:a_env.obj
 0002:00000d20       ??_C@_0P@GGKG@runtime?5error?5?$AA@ 10035d20     LIBCMTD:crt0msg.obj
 0002:00000d30       ??_C@_02PIMC@?$AN?6?$AA@   10035d30     LIBCMTD:crt0msg.obj
 0002:00000d34       ??_C@_0O@DELO@TLOSS?5error?$AN?6?$AA@ 10035d34     LIBCMTD:crt0msg.obj
 0002:00000d44       ??_C@_0N@OMLL@SING?5error?$AN?6?$AA@ 10035d44     LIBCMTD:crt0msg.obj
 0002:00000d54       ??_C@_0P@OJAK@DOMAIN?5error?$AN?6?$AA@ 10035d54     LIBCMTD:crt0msg.obj
 0002:00000d64       ??_C@_0CF@EANP@R6028?$AN?6?9?5unable?5to?5initialize?5he@ 10035d64     LIBCMTD:crt0msg.obj
 0002:00000d8c       ??_C@_0DF@ECGN@R6027?$AN?6?9?5not?5enough?5space?5for?5lo@ 10035d8c     LIBCMTD:crt0msg.obj
 0002:00000dc4       ??_C@_0DF@FKAC@R6026?$AN?6?9?5not?5enough?5space?5for?5st@ 10035dc4     LIBCMTD:crt0msg.obj
 0002:00000dfc       ??_C@_0CG@DPMN@R6025?$AN?6?9?5pure?5virtual?5function?5c@ 10035dfc     LIBCMTD:crt0msg.obj
 0002:00000e24       ??_C@_0DF@CKIP@R6024?$AN?6?9?5not?5enough?5space?5for?5_o@ 10035e24     LIBCMTD:crt0msg.obj
 0002:00000e5c       ??_C@_0CJ@GGOE@R6019?$AN?6?9?5unable?5to?5open?5console?5@ 10035e5c     LIBCMTD:crt0msg.obj
 0002:00000e88       ??_C@_0CB@LBOB@R6018?$AN?6?9?5unexpected?5heap?5error?$AN?6@ 10035e88     LIBCMTD:crt0msg.obj
 0002:00000eac       ??_C@_0CN@FPEG@R6017?$AN?6?9?5unexpected?5multithread?5@ 10035eac     LIBCMTD:crt0msg.obj
 0002:00000edc       ??_C@_0CM@OBIC@R6016?$AN?6?9?5not?5enough?5space?5for?5th@ 10035edc     LIBCMTD:crt0msg.obj
 0002:00000f08       ??_C@_0CB@HPAL@?$AN?6abnormal?5program?5termination?$AN?6@ 10035f08     LIBCMTD:crt0msg.obj
 0002:00000f2c       ??_C@_0CM@JOOB@R6009?$AN?6?9?5not?5enough?5space?5for?5en@ 10035f2c     LIBCMTD:crt0msg.obj
 0002:00000f58       ??_C@_0CK@OIBL@R6008?$AN?6?9?5not?5enough?5space?5for?5ar@ 10035f58     LIBCMTD:crt0msg.obj
 0002:00000f84       ??_C@_0CF@LKPB@R6002?$AN?6?9?5floating?5point?5not?5load@ 10035f84     LIBCMTD:crt0msg.obj
 0002:00000fac       ??_C@_0CF@JPDF@Microsoft?5Visual?5C?$CL?$CL?5Runtime?5Lib@ 10035fac     LIBCMTD:crt0msg.obj
 0002:00000fd4       ??_C@_0BK@DEOK@Runtime?5Error?$CB?6?6Program?3?5?$AA@ 10035fd4     LIBCMTD:crt0msg.obj
 0002:00000ff0       ??_C@_0L@HE@vsprintf?4c?$AA@ 10035ff0     LIBCMTD:vsnprint.obj
 0002:00000ffc       ??_C@_08CNMA@winsig?4c?$AA@ 10035ffc     LIBCMTD:winsig.obj
 0002:00001008       ??_C@_0BD@NJFP@GetLastActivePopup?$AA@ 10036008     LIBCMTD:crtmbox.obj
 0002:0000101c       ??_C@_0BA@GILI@GetActiveWindow?$AA@ 1003601c     LIBCMTD:crtmbox.obj
 0002:0000102c       ??_C@_0M@PKCK@MessageBoxA?$AA@ 1003602c     LIBCMTD:crtmbox.obj
 0002:00001038       ??_C@_0DP@IHIN@?$CI?$CCinconsistent?5IOB?5fields?$CC?0?5stre@ 10036038     LIBCMTD:_flsbuf.obj
 0002:00001078       ??_C@_09LGEI@_flsbuf?4c?$AA@ 10036078     LIBCMTD:_flsbuf.obj
 0002:00001084       ??_C@_0M@KJPK@str?5?$CB?$DN?5NULL?$AA@ 10036084     LIBCMTD:_flsbuf.obj
 0002:00001090       ___lookuptable             10036090     LIBCMTD:output.obj
 0002:000010ec       ??_C@_1O@POHA@?$AA?$CI?$AAn?$AAu?$AAl?$AAl?$AA?$CJ?$AA?$AA@ 100360ec     LIBCMTD:output.obj
 0002:000010fc       ??_C@_06ONKE@?$CInull?$CJ?$AA@ 100360fc     LIBCMTD:output.obj
 0002:00001104       ??_C@_08MIHI@output?4c?$AA@ 10036104     LIBCMTD:output.obj
 0002:00001110       ??_C@_0P@PIHB@ch?5?$CB?$DN?5_T?$CI?8?20?8?$CJ?$AA@ 10036110     LIBCMTD:output.obj
 0002:00001120       ??_C@_01A@?$AA?$AA@        10036120     LIBCMTD:a_str.obj
 0002:00001124       ??_C@_13A@?$AA?$AA?$AA?$AA@ 10036124     LIBCMTD:a_str.obj
 0002:00001134       ??_C@_09EMDO@_getbuf?4c?$AA@ 10036134     LIBCMTD:_getbuf.obj
 0002:00001140       ??_C@_07HPAH@_file?4c?$AA@ 10036140     LIBCMTD:_file.obj
 0002:00001148       ??_C@_0L@EJNO@wtombenv?4c?$AA@ 10036148     LIBCMTD:wtombenv.obj
 0002:00001170       ??_C@_07PCLE@LC_TIME?$AA@  10036170     LIBCMTD:setlocal.obj
 0002:00001178       ??_C@_0L@NKG@LC_NUMERIC?$AA@ 10036178     LIBCMTD:setlocal.obj
 0002:00001184       ??_C@_0M@CBIH@LC_MONETARY?$AA@ 10036184     LIBCMTD:setlocal.obj
 0002:00001190       ??_C@_08LFGE@LC_CTYPE?$AA@ 10036190     LIBCMTD:setlocal.obj
 0002:0000119c       ??_C@_0L@CFLC@LC_COLLATE?$AA@ 1003619c     LIBCMTD:setlocal.obj
 0002:000011a8       ??_C@_06GCPK@LC_ALL?$AA@   100361a8     LIBCMTD:setlocal.obj
 0002:000011b0       ??_C@_01FAJB@?$DL?$AA@     100361b0     LIBCMTD:setlocal.obj
 0002:000011b4       ??_C@_02BGDO@?$DN?$DL?$AA@ 100361b4     LIBCMTD:setlocal.obj
 0002:000011b8       ??_C@_0L@MOEE@setlocal?4c?$AA@ 100361b8     LIBCMTD:setlocal.obj
 0002:000011c4       ??_C@_01KPOD@?$DN?$AA@     100361c4     LIBCMTD:setlocal.obj
 0002:000011c8       ??_C@_03DBOJ@_?4?0?$AA@    100361c8     LIBCMTD:setlocal.obj
 0002:000011cc       ??_C@_01PJCK@?4?$AA@       100361cc     LIBCMTD:setlocal.obj
 0002:000011d0       ??_C@_01NON@_?$AA@         100361d0     LIBCMTD:setlocal.obj
 0002:000011d4       ??_C@_09LNLM@osfinfo?4c?$AA@ 100361d4     LIBCMTD:osfinfo.obj
 0002:000011e0       ??_C@_07FOIK@a_cmp?4c?$AA@ 100361e0     LIBCMTD:a_cmp.obj
 0002:000011e8       ??_C@_0DN@PPKB@cchCount1?$DN?$DN0?5?$CG?$CG?5cchCount2?$DN?$DN1?5?$HM?$HM?5@ 100361e8     LIBCMTD:a_cmp.obj
 0002:00001240       ??_C@_08FEIK@setenv?4c?$AA@ 10036240     LIBCMTD:setenv.obj
 0002:0000124c       ??_C@_0L@EEGJ@inittime?4c?$AA@ 1003624c     LIBCMTD:inittime.obj
 0002:00001258       ??_C@_09IMJJ@initnum?4c?$AA@ 10036258     LIBCMTD:initnum.obj
 0002:00001264       ??_C@_09KPNI@initmon?4c?$AA@ 10036264     LIBCMTD:initmon.obj
 0002:00001270       ??_C@_0L@COIL@initctyp?4c?$AA@ 10036270     LIBCMTD:initctyp.obj
 0002:0000127c       ??_C@_08OBJD@Paraguay?$AA@ 1003627c     LIBCMTD:getqloc.obj
 0002:00001288       ??_C@_07GLKH@Uruguay?$AA@  10036288     LIBCMTD:getqloc.obj
 0002:00001290       ??_C@_05FPFC@Chile?$AA@    10036290     LIBCMTD:getqloc.obj
 0002:00001298       ??_C@_07IIGF@Ecuador?$AA@  10036298     LIBCMTD:getqloc.obj
 0002:000012a0       ??_C@_09PKAL@Argentina?$AA@ 100362a0     LIBCMTD:getqloc.obj
 0002:000012ac       ??_C@_04LKAH@Peru?$AA@     100362ac     LIBCMTD:getqloc.obj
 0002:000012b4       ??_C@_08NEEM@Colombia?$AA@ 100362b4     LIBCMTD:getqloc.obj
 0002:000012c0       ??_C@_09ODEB@Venezuela?$AA@ 100362c0     LIBCMTD:getqloc.obj
 0002:000012cc       ??_C@_0BD@CLEL@Dominican?5Republic?$AA@ 100362cc     LIBCMTD:getqloc.obj
 0002:000012e0       ??_C@_0N@MDGL@South?5Africa?$AA@ 100362e0     LIBCMTD:getqloc.obj
 0002:000012f0       ??_C@_06NKBG@Panama?$AA@   100362f0     LIBCMTD:getqloc.obj
 0002:000012f8       ??_C@_0L@BMHO@Luxembourg?$AA@ 100362f8     LIBCMTD:getqloc.obj
 0002:00001304       ??_C@_0L@IMDK@Costa?5Rica?$AA@ 10036304     LIBCMTD:getqloc.obj
 0002:00001310       ??_C@_0M@BLJF@Switzerland?$AA@ 10036310     LIBCMTD:getqloc.obj
 0002:0000131c       ??_C@_09KBOL@Guatemala?$AA@ 1003631c     LIBCMTD:getqloc.obj
 0002:00001328       ??_C@_06JNAK@Canada?$AA@   10036328     LIBCMTD:getqloc.obj
 0002:00001330       ??_C@_0BG@OLLP@Spanish?5?9?5Modern?5Sort?$AA@ 10036330     LIBCMTD:getqloc.obj
 0002:00001348       ??_C@_09IDKE@Australia?$AA@ 10036348     LIBCMTD:getqloc.obj
 0002:00001354       ??_C@_07JJJJ@English?$AA@  10036354     LIBCMTD:getqloc.obj
 0002:0000135c       ??_C@_07NMDO@Austria?$AA@  1003635c     LIBCMTD:getqloc.obj
 0002:00001364       ??_C@_06DEFE@German?$AA@   10036364     LIBCMTD:getqloc.obj
 0002:0000136c       ??_C@_07JAIH@Belgium?$AA@  1003636c     LIBCMTD:getqloc.obj
 0002:00001374       ??_C@_06BNLJ@Mexico?$AA@   10036374     LIBCMTD:getqloc.obj
 0002:0000137c       ??_C@_07JHAG@Spanish?$AA@  1003637c     LIBCMTD:getqloc.obj
 0002:00001384       ??_C@_06DADE@Basque?$AA@   10036384     LIBCMTD:getqloc.obj
 0002:0000138c       ??_C@_06ENFP@Sweden?$AA@   1003638c     LIBCMTD:getqloc.obj
 0002:00001394       ??_C@_07JPMH@Swedish?$AA@  10036394     LIBCMTD:getqloc.obj
 0002:0000139c       ??_C@_07IEKF@Iceland?$AA@  1003639c     LIBCMTD:getqloc.obj
 0002:000013a4       ??_C@_09KNEA@Icelandic?$AA@ 100363a4     LIBCMTD:getqloc.obj
 0002:000013b0       ??_C@_06IJOD@France?$AA@   100363b0     LIBCMTD:getqloc.obj
 0002:000013b8       ??_C@_06EINI@French?$AA@   100363b8     LIBCMTD:getqloc.obj
 0002:000013c0       ??_C@_07FOOE@Finland?$AA@  100363c0     LIBCMTD:getqloc.obj
 0002:000013c8       ??_C@_07OJOM@Finnish?$AA@  100363c8     LIBCMTD:getqloc.obj
 0002:000013d0       ??_C@_05FFAC@Spain?$AA@    100363d0     LIBCMTD:getqloc.obj
 0002:000013d8       ??_C@_0BL@BIHM@Spanish?5?9?5Traditional?5Sort?$AA@ 100363d8     LIBCMTD:getqloc.obj
 0002:000013f4       ??_C@_0O@GLHB@united?9states?$AA@ 100363f4     LIBCMTD:getqloc.obj
 0002:00001404       ??_C@_0P@IIKK@united?9kingdom?$AA@ 10036404     LIBCMTD:getqloc.obj
 0002:00001414       ??_C@_0BC@FHBO@trinidad?5?$CG?5tobago?$AA@ 10036414     LIBCMTD:getqloc.obj
 0002:00001428       ??_C@_0M@BDFM@south?9korea?$AA@ 10036428     LIBCMTD:getqloc.obj
 0002:00001434       ??_C@_0N@CKFA@south?9africa?$AA@ 10036434     LIBCMTD:getqloc.obj
 0002:00001444       ??_C@_0M@HNHN@south?5korea?$AA@ 10036444     LIBCMTD:getqloc.obj
 0002:00001450       ??_C@_0N@MKDO@south?5africa?$AA@ 10036450     LIBCMTD:getqloc.obj
 0002:00001460       ??_C@_06KFFJ@slovak?$AA@   10036460     LIBCMTD:getqloc.obj
 0002:00001468       ??_C@_0M@NMAC@puerto?9rico?$AA@ 10036468     LIBCMTD:getqloc.obj
 0002:00001474       ??_C@_08EJOH@pr?9china?$AA@ 10036474     LIBCMTD:getqloc.obj
 0002:00001480       ??_C@_08CHMG@pr?5china?$AA@ 10036480     LIBCMTD:getqloc.obj
 0002:0000148c       ??_C@_02OCJK@nz?$AA@       1003648c     LIBCMTD:getqloc.obj
 0002:00001490       ??_C@_0M@MMKA@new?9zealand?$AA@ 10036490     LIBCMTD:getqloc.obj
 0002:0000149c       ??_C@_09MGEH@hong?9kong?$AA@ 1003649c     LIBCMTD:getqloc.obj
 0002:000014a8       ??_C@_07CCAK@holland?$AA@  100364a8     LIBCMTD:getqloc.obj
 0002:000014b0       ??_C@_0O@MEPL@great?5britain?$AA@ 100364b0     LIBCMTD:getqloc.obj
 0002:000014c0       ??_C@_07LGIB@england?$AA@  100364c0     LIBCMTD:getqloc.obj
 0002:000014c8       ??_C@_05BMOA@czech?$AA@    100364c8     LIBCMTD:getqloc.obj
 0002:000014d0       ??_C@_05NMPB@china?$AA@    100364d0     LIBCMTD:getqloc.obj
 0002:000014d8       ??_C@_07GN@britain?$AA@    100364d8     LIBCMTD:getqloc.obj
 0002:000014e0       ??_C@_07DLAK@america?$AA@  100364e0     LIBCMTD:getqloc.obj
 0002:000014e8       ??_C@_03IPEP@usa?$AA@      100364e8     LIBCMTD:getqloc.obj
 0002:000014ec       ??_C@_02PILH@us?$AA@       100364ec     LIBCMTD:getqloc.obj
 0002:000014f0       ??_C@_02FHP@uk?$AA@        100364f0     LIBCMTD:getqloc.obj
 0002:000014f4       ??_C@_05DEAI@swiss?$AA@    100364f4     LIBCMTD:getqloc.obj
 0002:000014fc       ??_C@_0BA@LIAF@swedish?9finland?$AA@ 100364fc     LIBCMTD:getqloc.obj
 0002:0000150c       ??_C@_0BC@FMEG@spanish?9venezuela?$AA@ 1003650c     LIBCMTD:getqloc.obj
 0002:00001520       ??_C@_0BA@BNMG@spanish?9uruguay?$AA@ 10036520     LIBCMTD:getqloc.obj
 0002:00001530       ??_C@_0BE@BKDJ@spanish?9puerto?5rico?$AA@ 10036530     LIBCMTD:getqloc.obj
 0002:00001544       ??_C@_0N@JIBL@spanish?9peru?$AA@ 10036544     LIBCMTD:getqloc.obj
 0002:00001554       ??_C@_0BB@OGOF@spanish?9paraguay?$AA@ 10036554     LIBCMTD:getqloc.obj
 0002:00001568       ??_C@_0P@LLFA@spanish?9panama?$AA@ 10036568     LIBCMTD:getqloc.obj
 0002:00001578       ??_C@_0BC@BBJM@spanish?9nicaragua?$AA@ 10036578     LIBCMTD:getqloc.obj
 0002:0000158c       ??_C@_0P@NJBN@spanish?9modern?$AA@ 1003658c     LIBCMTD:getqloc.obj
 0002:0000159c       ??_C@_0BA@NHDN@spanish?9mexican?$AA@ 1003659c     LIBCMTD:getqloc.obj
 0002:000015ac       ??_C@_0BB@JHOJ@spanish?9honduras?$AA@ 100365ac     LIBCMTD:getqloc.obj
 0002:000015c0       ??_C@_0BC@BOOM@spanish?9guatemala?$AA@ 100365c0     LIBCMTD:getqloc.obj
 0002:000015d4       ??_C@_0BE@EELI@spanish?9el?5salvador?$AA@ 100365d4     LIBCMTD:getqloc.obj
 0002:000015e8       ??_C@_0BA@POAE@spanish?9ecuador?$AA@ 100365e8     LIBCMTD:getqloc.obj
 0002:000015f8       ??_C@_0BL@LDKN@spanish?9dominican?5republic?$AA@ 100365f8     LIBCMTD:getqloc.obj
 0002:00001614       ??_C@_0BD@HPMH@spanish?9costa?5rica?$AA@ 10036614     LIBCMTD:getqloc.obj
 0002:00001628       ??_C@_0BB@NDDK@spanish?9colombia?$AA@ 10036628     LIBCMTD:getqloc.obj
 0002:0000163c       ??_C@_0O@BJHA@spanish?9chile?$AA@ 1003663c     LIBCMTD:getqloc.obj
 0002:0000164c       ??_C@_0BA@OBNG@spanish?9bolivia?$AA@ 1003664c     LIBCMTD:getqloc.obj
 0002:0000165c       ??_C@_0BC@EFAM@spanish?9argentina?$AA@ 1003665c     LIBCMTD:getqloc.obj
 0002:00001670       ??_C@_0BF@KMMM@portuguese?9brazilian?$AA@ 10036670     LIBCMTD:getqloc.obj
 0002:00001688       ??_C@_0BC@BAAE@norwegian?9nynorsk?$AA@ 10036688     LIBCMTD:getqloc.obj
 0002:0000169c       ??_C@_0BB@PBHK@norwegian?9bokmal?$AA@ 1003669c     LIBCMTD:getqloc.obj
 0002:000016b0       ??_C@_09EHKL@norwegian?$AA@ 100366b0     LIBCMTD:getqloc.obj
 0002:000016bc       ??_C@_0O@BEAN@italian?9swiss?$AA@ 100366bc     LIBCMTD:getqloc.obj
 0002:000016cc       ??_C@_0O@OIFK@irish?9english?$AA@ 100366cc     LIBCMTD:getqloc.obj
 0002:000016dc       ??_C@_0N@NBPL@german?9swiss?$AA@ 100366dc     LIBCMTD:getqloc.obj
 0002:000016ec       ??_C@_0BC@ICFJ@german?9luxembourg?$AA@ 100366ec     LIBCMTD:getqloc.obj
 0002:00001700       ??_C@_0BE@GGPC@german?9lichtenstein?$AA@ 10036700     LIBCMTD:getqloc.obj
 0002:00001714       ??_C@_0BA@MKDC@german?9austrian?$AA@ 10036714     LIBCMTD:getqloc.obj
 0002:00001724       ??_C@_0N@ODNB@french?9swiss?$AA@ 10036724     LIBCMTD:getqloc.obj
 0002:00001734       ??_C@_0BC@MGCM@french?9luxembourg?$AA@ 10036734     LIBCMTD:getqloc.obj
 0002:00001748       ??_C@_0BA@NABK@french?9canadian?$AA@ 10036748     LIBCMTD:getqloc.obj
 0002:00001758       ??_C@_0P@CJNO@french?9belgian?$AA@ 10036758     LIBCMTD:getqloc.obj
 0002:00001768       ??_C@_0M@LJOL@english?9usa?$AA@ 10036768     LIBCMTD:getqloc.obj
 0002:00001774       ??_C@_0L@FMNC@english?9us?$AA@ 10036774     LIBCMTD:getqloc.obj
 0002:00001780       ??_C@_0L@KBBK@english?9uk?$AA@ 10036780     LIBCMTD:getqloc.obj
 0002:0000178c       ??_C@_0BK@NDDE@english?9trinidad?5y?5tobago?$AA@ 1003678c     LIBCMTD:getqloc.obj
 0002:000017a8       ??_C@_0BF@LKML@english?9south?5africa?$AA@ 100367a8     LIBCMTD:getqloc.obj
 0002:000017c0       ??_C@_0L@EGPP@english?9nz?$AA@ 100367c0     LIBCMTD:getqloc.obj
 0002:000017cc       ??_C@_0BA@HLH@english?9jamaica?$AA@ 100367cc     LIBCMTD:getqloc.obj
 0002:000017dc       ??_C@_0M@PMJI@english?9ire?$AA@ 100367dc     LIBCMTD:getqloc.obj
 0002:000017e8       ??_C@_0BC@HINE@english?9caribbean?$AA@ 100367e8     LIBCMTD:getqloc.obj
 0002:000017fc       ??_C@_0M@DCFH@english?9can?$AA@ 100367fc     LIBCMTD:getqloc.obj
 0002:00001808       ??_C@_0P@DGHK@english?9belize?$AA@ 10036808     LIBCMTD:getqloc.obj
 0002:00001818       ??_C@_0M@FLHK@english?9aus?$AA@ 10036818     LIBCMTD:getqloc.obj
 0002:00001824       ??_C@_0BB@HNCK@english?9american?$AA@ 10036824     LIBCMTD:getqloc.obj
 0002:00001838       ??_C@_0O@PAMI@dutch?9belgian?$AA@ 10036838     LIBCMTD:getqloc.obj
 0002:00001848       ??_C@_0BE@FPEJ@chinese?9traditional?$AA@ 10036848     LIBCMTD:getqloc.obj
 0002:0000185c       ??_C@_0BC@CHFL@chinese?9singapore?$AA@ 1003685c     LIBCMTD:getqloc.obj
 0002:00001870       ??_C@_0BD@DCMH@chinese?9simplified?$AA@ 10036870     LIBCMTD:getqloc.obj
 0002:00001884       ??_C@_0BB@JMOE@chinese?9hongkong?$AA@ 10036884     LIBCMTD:getqloc.obj
 0002:00001898       ??_C@_07NGFN@chinese?$AA@  10036898     LIBCMTD:getqloc.obj
 0002:000018a0       ??_C@_03PCOI@chi?$AA@      100368a0     LIBCMTD:getqloc.obj
 0002:000018a4       ??_C@_03FIHP@chh?$AA@      100368a4     LIBCMTD:getqloc.obj
 0002:000018a8       ??_C@_08HFLO@canadian?$AA@ 100368a8     LIBCMTD:getqloc.obj
 0002:000018b4       ??_C@_07INIJ@belgian?$AA@  100368b4     LIBCMTD:getqloc.obj
 0002:000018bc       ??_C@_0L@LCCA@australian?$AA@ 100368bc     LIBCMTD:getqloc.obj
 0002:000018c8       ??_C@_0BB@BJIO@american?9english?$AA@ 100368c8     LIBCMTD:getqloc.obj
 0002:000018dc       ??_C@_0BB@DAGO@american?5english?$AA@ 100368dc     LIBCMTD:getqloc.obj
 0002:000018f0       ??_C@_08HENB@american?$AA@ 100368f0     LIBCMTD:getqloc.obj
 0002:000018fc       ??_C@_03DGJE@OCP?$AA@      100368fc     LIBCMTD:getqloc.obj
 0002:00001900       ??_C@_03EKFG@ACP?$AA@      10036900     LIBCMTD:getqloc.obj
 0002:00001904       ??_C@_08PHBD@fclose?4c?$AA@ 10036904     LIBCMTD:fclose.obj
 0002:00001910       ??_C@_0P@FHEA@stream?5?$CB?$DN?5NULL?$AA@ 10036910     LIBCMTD:fclose.obj
 0002:00001920       ??_C@_07CJME@H?3mm?3ss?$AA@ 10036920     LIBCMTD:strftime.obj
 0002:00001928       ??_C@_0BE@MHI@dddd?0?5MMMM?5dd?0?5yyyy?$AA@ 10036928     LIBCMTD:strftime.obj
 0002:0000193c       ??_C@_06HCAD@M?1d?1yy?$AA@ 1003693c     LIBCMTD:strftime.obj
 0002:00001944       ??_C@_02DBLP@PM?$AA@       10036944     LIBCMTD:strftime.obj
 0002:00001948       ??_C@_02ENLM@AM?$AA@       10036948     LIBCMTD:strftime.obj
 0002:0000194c       ??_C@_08LIDF@December?$AA@ 1003694c     LIBCMTD:strftime.obj
 0002:00001958       ??_C@_08NJLI@November?$AA@ 10036958     LIBCMTD:strftime.obj
 0002:00001964       ??_C@_07IAMM@October?$AA@  10036964     LIBCMTD:strftime.obj
 0002:0000196c       ??_C@_09MKGD@September?$AA@ 1003696c     LIBCMTD:strftime.obj
 0002:00001978       ??_C@_06PADP@August?$AA@   10036978     LIBCMTD:strftime.obj
 0002:00001980       ??_C@_04PIJO@July?$AA@     10036980     LIBCMTD:strftime.obj
 0002:00001988       ??_C@_04ICFP@June?$AA@     10036988     LIBCMTD:strftime.obj
 0002:00001990       ??_C@_05JFGC@April?$AA@    10036990     LIBCMTD:strftime.obj
 0002:00001998       ??_C@_05FGPD@March?$AA@    10036998     LIBCMTD:strftime.obj
 0002:000019a0       ??_C@_08PGBA@February?$AA@ 100369a0     LIBCMTD:strftime.obj
 0002:000019ac       ??_C@_07BPKJ@January?$AA@  100369ac     LIBCMTD:strftime.obj
 0002:000019b4       ??_C@_03PGJO@Dec?$AA@      100369b4     LIBCMTD:strftime.obj
 0002:000019b8       ??_C@_03PDLM@Nov?$AA@      100369b8     LIBCMTD:strftime.obj
 0002:000019bc       ??_C@_03BLHK@Oct?$AA@      100369bc     LIBCMTD:strftime.obj
 0002:000019c0       ??_C@_03DPFM@Sep?$AA@      100369c0     LIBCMTD:strftime.obj
 0002:000019c4       ??_C@_03CMCH@Aug?$AA@      100369c4     LIBCMTD:strftime.obj
 0002:000019c8       ??_C@_03OBKI@Jul?$AA@      100369c8     LIBCMTD:strftime.obj
 0002:000019cc       ??_C@_03LEIG@Jun?$AA@      100369cc     LIBCMTD:strftime.obj
 0002:000019d0       ??_C@_03MGHB@May?$AA@      100369d0     LIBCMTD:strftime.obj
 0002:000019d4       ??_C@_03MJJM@Apr?$AA@      100369d4     LIBCMTD:strftime.obj
 0002:000019d8       ??_C@_03GNHA@Mar?$AA@      100369d8     LIBCMTD:strftime.obj
 0002:000019dc       ??_C@_03PICE@Feb?$AA@      100369dc     LIBCMTD:strftime.obj
 0002:000019e0       ??_C@_03IEIF@Jan?$AA@      100369e0     LIBCMTD:strftime.obj
 0002:000019e4       ??_C@_08FAKH@Saturday?$AA@ 100369e4     LIBCMTD:strftime.obj
 0002:000019f0       ??_C@_06ONCK@Friday?$AA@   100369f0     LIBCMTD:strftime.obj
 0002:000019f8       ??_C@_08CCFO@Thursday?$AA@ 100369f8     LIBCMTD:strftime.obj
 0002:00001a04       ??_C@_09PBIN@Wednesday?$AA@ 10036a04     LIBCMTD:strftime.obj
 0002:00001a10       ??_C@_07BMBC@Tuesday?$AA@  10036a10     LIBCMTD:strftime.obj
 0002:00001a18       ??_C@_06CHLK@Monday?$AA@   10036a18     LIBCMTD:strftime.obj
 0002:00001a20       ??_C@_06OOEM@Sunday?$AA@   10036a20     LIBCMTD:strftime.obj
 0002:00001a28       ??_C@_03MPKK@Sat?$AA@      10036a28     LIBCMTD:strftime.obj
 0002:00001a2c       ??_C@_03FINJ@Fri?$AA@      10036a2c     LIBCMTD:strftime.obj
 0002:00001a30       ??_C@_03HIKC@Thu?$AA@      10036a30     LIBCMTD:strftime.obj
 0002:00001a34       ??_C@_03HECK@Wed?$AA@      10036a34     LIBCMTD:strftime.obj
 0002:00001a38       ??_C@_03ECCP@Tue?$AA@      10036a38     LIBCMTD:strftime.obj
 0002:00001a3c       ??_C@_03PIEP@Mon?$AA@      10036a3c     LIBCMTD:strftime.obj
 0002:00001a40       ??_C@_03FHEP@Sun?$AA@      10036a40     LIBCMTD:strftime.obj
 0002:00001a44       ??_C@_03MKGK@a?1p?$AA@     10036a44     LIBCMTD:strftime.obj
 0002:00001a48       ??_C@_05BDJK@am?1pm?$AA@   10036a48     LIBCMTD:strftime.obj
 0002:00001a50       ??_C@_0L@HKCB@inithelp?4c?$AA@ 10036a50     LIBCMTD:inithelp.obj
 0002:00001a78       ??_C@_0L@JIE@_freebuf?4c?$AA@ 10036a78     LIBCMTD:_freebuf.obj
 0003:00000000       ___xc_a                    10038000     LIBCMTD:crt0init.obj
 0003:00000104       ___xc_z                    10038104     LIBCMTD:crt0init.obj
 0003:00000208       ___xi_a                    10038208     LIBCMTD:crt0init.obj
 0003:00000418       ___xi_z                    10038418     LIBCMTD:crt0init.obj
 0003:0000051c       ___xp_a                    1003851c     LIBCMTD:crt0init.obj
 0003:00000724       ___xp_z                    10038724     LIBCMTD:crt0init.obj
 0003:00000828       ___xt_a                    10038828     LIBCMTD:crt0init.obj
 0003:0000092c       ___xt_z                    1003892c     LIBCMTD:crt0init.obj
 0003:00000a30       _ptw32_threadReuseTop      10038a30     pthread.obj
 0003:00000a34       _ptw32_threadReuseBottom   10038a34     pthread.obj
 0003:00000a38       _ptw32_smp_system          10038a38     pthread.obj
 0003:00000a5c       __crtDbgFlag               10038a5c     LIBCMTD:dbgheap.obj
 0003:00000a64       __crtBreakAlloc            10038a64     LIBCMTD:dbgheap.obj
 0003:00000bf0       __aexit_rtn                10038bf0     LIBCMTD:dllcrt0.obj
 0003:00000bf4       __crtAssertBusy            10038bf4     LIBCMTD:dbgrpt.obj
 0003:00000bf8       __CrtDbgMode               10038bf8     LIBCMTD:dbgrpt.obj
 0003:00000c04       __CrtDbgFile               10038c04     LIBCMTD:dbgrpt.obj
 0003:00000c1c       __locktable                10038c1c     LIBCMTD:mlock.obj
 0003:00000cdc       __NLG_Destination          10038cdc     LIBCMTD:exsup.obj
 0003:00000cec       __pfnAllocHook             10038cec     LIBCMTD:dbghook.obj
 0003:00000cf0       ___old_small_block_heap    10038cf0     LIBCMTD:sbheap.obj
 0003:00002d14       ___old_sbh_threshold       1003ad14     LIBCMTD:sbheap.obj
 0003:00002d18       __amblksiz                 1003ad18     LIBCMTD:heapinit.obj
 0003:00002d1c       __pctype                   1003ad1c     LIBCMTD:ctype.obj
 0003:00002d20       __pwctype                  1003ad20     LIBCMTD:ctype.obj
 0003:00002d24       __ctype                    1003ad24     LIBCMTD:ctype.obj
 0003:00002f28       ___mb_cur_max              1003af28     LIBCMTD:nlsdata1.obj
 0003:00002f2c       ___decimal_point           1003af2c     LIBCMTD:nlsdata1.obj
 0003:00002f30       ___decimal_point_length    1003af30     LIBCMTD:nlsdata1.obj
 0003:00002f34       ___tlsindex                1003af34     LIBCMTD:tidtable.obj
 0003:00002f38       __XcptActTab               1003af38     LIBCMTD:winxfltr.obj
 0003:00002fb0       __First_FPE_Indx           1003afb0     LIBCMTD:winxfltr.obj
 0003:00002fb4       __Num_FPE                  1003afb4     LIBCMTD:winxfltr.obj
 0003:00002fb8       __XcptActTabSize           1003afb8     LIBCMTD:winxfltr.obj
 0003:00002fbc       __XcptActTabCount          1003afbc     LIBCMTD:winxfltr.obj
 0003:00002fc0       __timezone                 1003afc0     LIBCMTD:timeset.obj
 0003:00002fc4       __daylight                 1003afc4     LIBCMTD:timeset.obj
 0003:00002fc8       __dstbias                  1003afc8     LIBCMTD:timeset.obj
 0003:0000304c       __tzname                   1003b04c     LIBCMTD:timeset.obj
 0003:00003080       ___badioinfo               1003b080     LIBCMTD:ioinit.obj
 0003:00003140       ___nullstring              1003b140     LIBCMTD:output.obj
 0003:00003144       ___wnullstring             1003b144     LIBCMTD:output.obj
 0003:00003150       __lpdays                   1003b150     LIBCMTD:days.obj
 0003:00003184       __days                     1003b184     LIBCMTD:days.obj
 0003:000032b0       __iob                      1003b2b0     LIBCMTD:_file.obj
 0003:00003530       __cfltcvt_tab              1003b530     LIBCMTD:cmiscdat.obj
 0003:00003658       ___lc_category             1003b658     LIBCMTD:setlocal.obj
 0003:000036a0       ___rgLocInfo               1003b6a0     LIBCMTD:getqloc.obj
 0003:00003b44       ___rglangidNotDefault      1003bb44     LIBCMTD:getqloc.obj
 0003:00003b58       ___rg_country              1003bb58     LIBCMTD:getqloc.obj
 0003:00003c10       ___rg_language             1003bc10     LIBCMTD:getqloc.obj
 0003:00003e18       ___lc_time_curr            1003be18     LIBCMTD:strftime.obj
 0003:00003e20       ___lc_time_c               1003be20     LIBCMTD:strftime.obj
 0003:00003ed0       ___lconv_static_decimal    1003bed0     LIBCMTD:lconv.obj
 0003:00003ed8       ___lconv_c                 1003bed8     LIBCMTD:lconv.obj
 0003:00003f08       ___lconv                   1003bf08     LIBCMTD:lconv.obj
 0003:00004aa8       _ptw32_processInitialized  1003caa8     pthread.obj
 0003:00004aac       _ptw32_selfThreadKey       1003caac     pthread.obj
 0003:00004ab0       _ptw32_cleanupKey          1003cab0     pthread.obj
 0003:00004ab4       _ptw32_cond_list_head      1003cab4     pthread.obj
 0003:00004ab8       _ptw32_cond_list_tail      1003cab8     pthread.obj
 0003:00004abc       _ptw32_concurrency         1003cabc     pthread.obj
 0003:00004ac0       _ptw32_features            1003cac0     pthread.obj
 0003:00004ac4       _ptw32_interlocked_compare_exchange 1003cac4     pthread.obj
 0003:00004ac8       _ptw32_register_cancelation 1003cac8     pthread.obj
 0003:00004aec       __umaskval                 1003caec     LIBCMTD:crt0dat.obj
 0003:00004af0       __osver                    1003caf0     LIBCMTD:crt0dat.obj
 0003:00004af4       __winver                   1003caf4     LIBCMTD:crt0dat.obj
 0003:00004af8       __winmajor                 1003caf8     LIBCMTD:crt0dat.obj
 0003:00004afc       __winminor                 1003cafc     LIBCMTD:crt0dat.obj
 0003:00004b00       ___argc                    1003cb00     LIBCMTD:crt0dat.obj
 0003:00004b04       ___argv                    1003cb04     LIBCMTD:crt0dat.obj
 0003:00004b08       ___wargv                   1003cb08     LIBCMTD:crt0dat.obj
 0003:00004b0c       __environ                  1003cb0c     LIBCMTD:crt0dat.obj
 0003:00004b10       ___initenv                 1003cb10     LIBCMTD:crt0dat.obj
 0003:00004b14       __wenviron                 1003cb14     LIBCMTD:crt0dat.obj
 0003:00004b18       ___winitenv                1003cb18     LIBCMTD:crt0dat.obj
 0003:00004b1c       __pgmptr                   1003cb1c     LIBCMTD:crt0dat.obj
 0003:00004b20       __wpgmptr                  1003cb20     LIBCMTD:crt0dat.obj
 0003:00004b24       __exitflag                 1003cb24     LIBCMTD:crt0dat.obj
 0003:00004b28       __C_Termination_Done       1003cb28     LIBCMTD:crt0dat.obj
 0003:00004b2c       __C_Exit_Done              1003cb2c     LIBCMTD:crt0dat.obj
 0003:00004b38       __aenvptr                  1003cb38     LIBCMTD:dllcrt0.obj
 0003:00004b3c       __wenvptr                  1003cb3c     LIBCMTD:dllcrt0.obj
 0003:00004b40       ___error_mode              1003cb40     LIBCMTD:dllcrt0.obj
 0003:00004b44       ___app_type                1003cb44     LIBCMTD:dllcrt0.obj
 0003:00004b4c       __newmode                  1003cb4c     LIBCMTD:_newmode.obj
 0003:00004b50       ?_pnhHeap@@3P6AHI@ZA       1003cb50     LIBCMTD:handler.obj
 0003:00004d84       __adbgmsg                  1003cd84     LIBCMTD:crt0msg.obj
 0003:00004dac       ___lc_handle               1003cdac     LIBCMTD:nlsdata2.obj
 0003:00004dc4       ___lc_codepage             1003cdc4     LIBCMTD:nlsdata2.obj
 0003:00004dc8       ___lc_collate_cp           1003cdc8     LIBCMTD:nlsdata2.obj
 0003:00004dd0       __cflush                   1003cdd0     LIBCMTD:_file.obj
 0003:00004de8       ___lc_time_intl            1003cde8     LIBCMTD:inittime.obj
 0003:00004e04       ___lc_id                   1003ce04     LIBCMTD:nlsdata3.obj
 0003:00004e54       ___lconv_static_null       1003ce54     LIBCMTD:lconv.obj
 0003:00004e80       _ptw32_thread_reuse_lock   1003ce80     <common>
 0003:00004ec0       _ptw32_cond_test_init_lock 1003cec0     <common>
 0003:00004ee0       _ptw32_mutex_test_init_lock 1003cee0     <common>
 0003:00004f00       _ptw32_spinlock_test_init_lock 1003cf00     <common>
 0003:00004f20       _ptw32_rwlock_test_init_lock 1003cf20     <common>
 0003:00004f40       _ptw32_cond_list_lock      1003cf40     <common>
 0003:00004f58       ___alternate_form          1003cf58     <common>
 0003:00004f68       ___no_lead_zeros           1003cf68     <common>
 0003:00004f6c       ___setlc_active            1003cf6c     <common>
 0003:00004f7c       ___unguarded_readlc_active 1003cf7c     <common>
 0003:00004f80       ___piob                    1003cf80     <common>
 0003:000052c0       __bufin                    1003d2c0     <common>
 0003:000062c0       __nstream                  1003e2c0     <common>
 0003:000062c4       ___mbcodepage              1003e2c4     <common>
 0003:00006340       ___mbulinfo                1003e340     <common>
 0003:0000634c       ___ismbcodepage            1003e34c     <common>
 0003:00006360       __mbcasemap                1003e360     <common>
 0003:00006460       __mbctype                  1003e460     <common>
 0003:00006564       ___mblcid                  1003e564     <common>
 0003:00006580       ___pioinfo                 1003e580     <common>
 0003:000066bc       __nhandle                  1003e6bc     <common>
 0003:000066c0       __crtheap                  1003e6c0     <common>
 0003:000066d0       ___active_heap             1003e6d0     <common>
 0003:000066d4       ___sbh_sizeHeaderList      1003e6d4     <common>
 0003:000066e8       ___sbh_indGroupDefer       1003e6e8     <common>
 0003:000066ec       ___sbh_pHeaderScan         1003e6ec     <common>
 0003:000066f0       ___sbh_initialized         1003e6f0     <common>
 0003:000066f4       ___sbh_pHeaderDefer        1003e6f4     <common>
 0003:000066f8       ___sbh_cntHeaderList       1003e6f8     <common>
 0003:000066fc       ___sbh_pHeaderList         1003e6fc     <common>
 0003:00006700       ___sbh_threshold           1003e700     <common>
 0003:00006704       __pfnReportHook            1003e704     <common>
 0003:00006710       __acmdln                   1003e710     <common>
 0003:00006720       __pRawDllMain              1003e720     <common>
 0003:00006724       ___env_initialized         1003e724     <common>
 0003:00006734       ___mbctype_initialized     1003e734     <common>
 0003:00006738       ___onexitend               1003e738     <common>
 0003:0000673c       ___onexitbegin             1003e73c     <common>
 0003:00006740       __FPinit                   1003e740     <common>
 0003:00006744       __setjmpexused             1003e744     <common>
 0003:00006750       __FPmtinit                 1003e750     <common>
 0003:00006760       __FPmtterm                 1003e760     <common>
 0003:00006764       __pfnDumpClient            1003e764     <common>
 0004:00000000       __IMPORT_DESCRIPTOR_KERNEL32 1003f000     kernel32:KERNEL32.dll
 0004:00000014       __IMPORT_DESCRIPTOR_WS2_32 1003f014     ws2_32:WS2_32.dll
 0004:00000028       __NULL_IMPORT_DESCRIPTOR   1003f028     kernel32:KERNEL32.dll
 0004:0000026c       __imp__SetEvent@4          1003f26c     kernel32:KERNEL32.dll
 0004:00000270       __imp__CloseHandle@4       1003f270     kernel32:KERNEL32.dll
 0004:00000274       __imp__WaitForSingleObject@8 1003f274     kernel32:KERNEL32.dll
 0004:00000278       __imp__CreateEventA@16     1003f278     kernel32:KERNEL32.dll
 0004:0000027c       __imp__InterlockedExchangeAdd@8 1003f27c     kernel32:KERNEL32.dll
 0004:00000280       __imp__InterlockedExchange@8 1003f280     kernel32:KERNEL32.dll
 0004:00000284       __imp__InitializeCriticalSection@4 1003f284     kernel32:KERNEL32.dll
 0004:00000288       __imp__DeleteCriticalSection@4 1003f288     kernel32:KERNEL32.dll
 0004:0000028c       __imp__LeaveCriticalSection@4 1003f28c     kernel32:KERNEL32.dll
 0004:00000290       __imp__EnterCriticalSection@4 1003f290     kernel32:KERNEL32.dll
 0004:00000294       __imp__TlsSetValue@8       1003f294     kernel32:KERNEL32.dll
 0004:00000298       __imp__TlsGetValue@4       1003f298     kernel32:KERNEL32.dll
 0004:0000029c       __imp__Sleep@4             1003f29c     kernel32:KERNEL32.dll
 0004:000002a0       __imp__GetProcessAffinityMask@12 1003f2a0     kernel32:KERNEL32.dll
 0004:000002a4       __imp__GetCurrentProcess@0 1003f2a4     kernel32:KERNEL32.dll
 0004:000002a8       __imp__InterlockedDecrement@4 1003f2a8     kernel32:KERNEL32.dll
 0004:000002ac       __imp__ResetEvent@4        1003f2ac     kernel32:KERNEL32.dll
 0004:000002b0       __imp__SetThreadContext@8  1003f2b0     kernel32:KERNEL32.dll
 0004:000002b4       __imp__GetThreadContext@8  1003f2b4     kernel32:KERNEL32.dll
 0004:000002b8       __imp__ResumeThread@4      1003f2b8     kernel32:KERNEL32.dll
 0004:000002bc       __imp__SuspendThread@4     1003f2bc     kernel32:KERNEL32.dll
 0004:000002c0       __imp__GetThreadPriority@4 1003f2c0     kernel32:KERNEL32.dll
 0004:000002c4       __imp__DuplicateHandle@28  1003f2c4     kernel32:KERNEL32.dll
 0004:000002c8       __imp__GetCurrentThread@0  1003f2c8     kernel32:KERNEL32.dll
 0004:000002cc       __imp__GetCurrentThreadId@0 1003f2cc     kernel32:KERNEL32.dll
 0004:000002d0       __imp__WaitForMultipleObjects@16 1003f2d0     kernel32:KERNEL32.dll
 0004:000002d4       __imp__FreeLibrary@4       1003f2d4     kernel32:KERNEL32.dll
 0004:000002d8       __imp__GetProcAddress@8    1003f2d8     kernel32:KERNEL32.dll
 0004:000002dc       __imp__LoadLibraryA@4      1003f2dc     kernel32:KERNEL32.dll
 0004:000002e0       __imp__SetThreadPriority@8 1003f2e0     kernel32:KERNEL32.dll
 0004:000002e4       __imp__GetLastError@0      1003f2e4     kernel32:KERNEL32.dll
 0004:000002e8       __imp__OpenProcess@12      1003f2e8     kernel32:KERNEL32.dll
 0004:000002ec       __imp__GetCurrentProcessId@0 1003f2ec     kernel32:KERNEL32.dll
 0004:000002f0       __imp__CreateSemaphoreA@16 1003f2f0     kernel32:KERNEL32.dll
 0004:000002f4       __imp__ReleaseSemaphore@12 1003f2f4     kernel32:KERNEL32.dll
 0004:000002f8       __imp__TlsAlloc@0          1003f2f8     kernel32:KERNEL32.dll
 0004:000002fc       __imp__TlsFree@4           1003f2fc     kernel32:KERNEL32.dll
 0004:00000300       __imp__SetLastError@4      1003f300     kernel32:KERNEL32.dll
 0004:00000304       __imp__FlushFileBuffers@4  1003f304     kernel32:KERNEL32.dll
 0004:00000308       __imp__GetUserDefaultLCID@0 1003f308     kernel32:KERNEL32.dll
 0004:0000030c       __imp__EnumSystemLocalesA@8 1003f30c     kernel32:KERNEL32.dll
 0004:00000310       __imp__IsBadWritePtr@8     1003f310     kernel32:KERNEL32.dll
 0004:00000314       __imp__IsBadReadPtr@8      1003f314     kernel32:KERNEL32.dll
 0004:00000318       __imp__HeapValidate@12     1003f318     kernel32:KERNEL32.dll
 0004:0000031c       __imp__CreateThread@24     1003f31c     kernel32:KERNEL32.dll
 0004:00000320       __imp__ExitThread@4        1003f320     kernel32:KERNEL32.dll
 0004:00000324       __imp__GetTimeZoneInformation@4 1003f324     kernel32:KERNEL32.dll
 0004:00000328       __imp__GetSystemTimeAsFileTime@4 1003f328     kernel32:KERNEL32.dll
 0004:0000032c       __imp__ExitProcess@4       1003f32c     kernel32:KERNEL32.dll
 0004:00000330       __imp__TerminateProcess@8  1003f330     kernel32:KERNEL32.dll
 0004:00000334       __imp__GetCommandLineA@0   1003f334     kernel32:KERNEL32.dll
 0004:00000338       __imp__GetVersion@0        1003f338     kernel32:KERNEL32.dll
 0004:0000033c       __imp__DebugBreak@0        1003f33c     kernel32:KERNEL32.dll
 0004:00000340       __imp__GetStdHandle@4      1003f340     kernel32:KERNEL32.dll
 0004:00000344       __imp__WriteFile@20        1003f344     kernel32:KERNEL32.dll
 0004:00000348       __imp__OutputDebugStringA@4 1003f348     kernel32:KERNEL32.dll
 0004:0000034c       __imp__InterlockedIncrement@4 1003f34c     kernel32:KERNEL32.dll
 0004:00000350       __imp__GetModuleFileNameA@12 1003f350     kernel32:KERNEL32.dll
 0004:00000354       __imp__FatalAppExitA@8     1003f354     kernel32:KERNEL32.dll
 0004:00000358       __imp__RtlUnwind@16        1003f358     kernel32:KERNEL32.dll
 0004:0000035c       __imp__HeapAlloc@12        1003f35c     kernel32:KERNEL32.dll
 0004:00000360       __imp__HeapReAlloc@16      1003f360     kernel32:KERNEL32.dll
 0004:00000364       __imp__HeapFree@12         1003f364     kernel32:KERNEL32.dll
 0004:00000368       __imp__VirtualFree@12      1003f368     kernel32:KERNEL32.dll
 0004:0000036c       __imp__VirtualAlloc@16     1003f36c     kernel32:KERNEL32.dll
 0004:00000370       __imp__GetModuleHandleA@4  1003f370     kernel32:KERNEL32.dll
 0004:00000374       __imp__GetEnvironmentVariableA@12 1003f374     kernel32:KERNEL32.dll
 0004:00000378       __imp__GetVersionExA@4     1003f378     kernel32:KERNEL32.dll
 0004:0000037c       __imp__HeapDestroy@4       1003f37c     kernel32:KERNEL32.dll
 0004:00000380       __imp__HeapCreate@12       1003f380     kernel32:KERNEL32.dll
 0004:00000384       __imp__UnhandledExceptionFilter@4 1003f384     kernel32:KERNEL32.dll
 0004:00000388       __imp__WideCharToMultiByte@32 1003f388     kernel32:KERNEL32.dll
 0004:0000038c       __imp__SetHandleCount@4    1003f38c     kernel32:KERNEL32.dll
 0004:00000390       __imp__GetFileType@4       1003f390     kernel32:KERNEL32.dll
 0004:00000394       __imp__GetStartupInfoA@4   1003f394     kernel32:KERNEL32.dll
 0004:00000398       __imp__FreeEnvironmentStringsA@4 1003f398     kernel32:KERNEL32.dll
 0004:0000039c       __imp__FreeEnvironmentStringsW@4 1003f39c     kernel32:KERNEL32.dll
 0004:000003a0       __imp__GetEnvironmentStrings@0 1003f3a0     kernel32:KERNEL32.dll
 0004:000003a4       __imp__GetEnvironmentStringsW@0 1003f3a4     kernel32:KERNEL32.dll
 0004:000003a8       __imp__SetConsoleCtrlHandler@8 1003f3a8     kernel32:KERNEL32.dll
 0004:000003ac       __imp__MultiByteToWideChar@24 1003f3ac     kernel32:KERNEL32.dll
 0004:000003b0       __imp__GetStringTypeA@20   1003f3b0     kernel32:KERNEL32.dll
 0004:000003b4       __imp__GetStringTypeW@16   1003f3b4     kernel32:KERNEL32.dll
 0004:000003b8       __imp__GetCPInfo@8         1003f3b8     kernel32:KERNEL32.dll
 0004:000003bc       __imp__GetACP@0            1003f3bc     kernel32:KERNEL32.dll
 0004:000003c0       __imp__GetOEMCP@0          1003f3c0     kernel32:KERNEL32.dll
 0004:000003c4       __imp__SetFilePointer@16   1003f3c4     kernel32:KERNEL32.dll
 0004:000003c8       __imp__LCMapStringA@24     1003f3c8     kernel32:KERNEL32.dll
 0004:000003cc       __imp__LCMapStringW@24     1003f3cc     kernel32:KERNEL32.dll
 0004:000003d0       __imp__SetStdHandle@8      1003f3d0     kernel32:KERNEL32.dll
 0004:000003d4       __imp__CompareStringA@24   1003f3d4     kernel32:KERNEL32.dll
 0004:000003d8       __imp__CompareStringW@24   1003f3d8     kernel32:KERNEL32.dll
 0004:000003dc       __imp__SetEnvironmentVariableA@8 1003f3dc     kernel32:KERNEL32.dll
 0004:000003e0       __imp__IsValidLocale@8     1003f3e0     kernel32:KERNEL32.dll
 0004:000003e4       __imp__IsValidCodePage@4   1003f3e4     kernel32:KERNEL32.dll
 0004:000003e8       __imp__GetLocaleInfoA@16   1003f3e8     kernel32:KERNEL32.dll
 0004:000003ec       __imp__GetLocaleInfoW@16   1003f3ec     kernel32:KERNEL32.dll
 0004:000003f0       \177KERNEL32_NULL_THUNK_DATA 1003f3f0     kernel32:KERNEL32.dll
 0004:00000468       __imp__WSASetLastError@4   1003f468     ws2_32:WS2_32.dll
 0004:0000046c       __imp__WSAGetLastError@0   1003f46c     ws2_32:WS2_32.dll
 0004:00000470       \177WS2_32_NULL_THUNK_DATA 1003f470     ws2_32:WS2_32.dll

 entry point at        0001:0000c540

